Archive member included to satisfy reference by file (symbol)

C:/ST/STM32CubeIDE_1.14.0/STM32CubeIDE/plugins/com.st.stm32cube.ide.mcu.externaltools.gnu-tools-for-stm32.11.3.rel1.win32_1.1.100.202309141235/tools/bin/../lib/gcc/arm-none-eabi/11.3.1/../../../../arm-none-eabi/lib/thumb/v7e-m+fp/hard\libstdc++_nano.a(allocator-inst.o)
                              ./Core/Src/config.o (std::allocator<char>::allocator())
C:/ST/STM32CubeIDE_1.14.0/STM32CubeIDE/plugins/com.st.stm32cube.ide.mcu.externaltools.gnu-tools-for-stm32.11.3.rel1.win32_1.1.100.202309141235/tools/bin/../lib/gcc/arm-none-eabi/11.3.1/../../../../arm-none-eabi/lib/thumb/v7e-m+fp/hard\libstdc++_nano.a(string-inst.o)
                              ./Core/Src/config.o (std::__cxx11::basic_string<char, std::char_traits<char>, std::allocator<char> >::basic_string())
C:/ST/STM32CubeIDE_1.14.0/STM32CubeIDE/plugins/com.st.stm32cube.ide.mcu.externaltools.gnu-tools-for-stm32.11.3.rel1.win32_1.1.100.202309141235/tools/bin/../lib/gcc/arm-none-eabi/11.3.1/../../../../arm-none-eabi/lib/thumb/v7e-m+fp/hard\libstdc++_nano.a(del_op.o)
                              C:/ST/STM32CubeIDE_1.14.0/STM32CubeIDE/plugins/com.st.stm32cube.ide.mcu.externaltools.gnu-tools-for-stm32.11.3.rel1.win32_1.1.100.202309141235/tools/bin/../lib/gcc/arm-none-eabi/11.3.1/../../../../arm-none-eabi/lib/thumb/v7e-m+fp/hard\libstdc++_nano.a(string-inst.o) (operator delete(void*))
C:/ST/STM32CubeIDE_1.14.0/STM32CubeIDE/plugins/com.st.stm32cube.ide.mcu.externaltools.gnu-tools-for-stm32.11.3.rel1.win32_1.1.100.202309141235/tools/bin/../lib/gcc/arm-none-eabi/11.3.1/../../../../arm-none-eabi/lib/thumb/v7e-m+fp/hard\libstdc++_nano.a(new_op.o)
                              C:/ST/STM32CubeIDE_1.14.0/STM32CubeIDE/plugins/com.st.stm32cube.ide.mcu.externaltools.gnu-tools-for-stm32.11.3.rel1.win32_1.1.100.202309141235/tools/bin/../lib/gcc/arm-none-eabi/11.3.1/../../../../arm-none-eabi/lib/thumb/v7e-m+fp/hard\libstdc++_nano.a(string-inst.o) (operator new(unsigned int))
C:/ST/STM32CubeIDE_1.14.0/STM32CubeIDE/plugins/com.st.stm32cube.ide.mcu.externaltools.gnu-tools-for-stm32.11.3.rel1.win32_1.1.100.202309141235/tools/bin/../lib/gcc/arm-none-eabi/11.3.1/../../../../arm-none-eabi/lib/thumb/v7e-m+fp/hard\libstdc++_nano.a(functexcept.o)
                              C:/ST/STM32CubeIDE_1.14.0/STM32CubeIDE/plugins/com.st.stm32cube.ide.mcu.externaltools.gnu-tools-for-stm32.11.3.rel1.win32_1.1.100.202309141235/tools/bin/../lib/gcc/arm-none-eabi/11.3.1/../../../../arm-none-eabi/lib/thumb/v7e-m+fp/hard\libstdc++_nano.a(string-inst.o) (std::__throw_bad_alloc())
C:/ST/STM32CubeIDE_1.14.0/STM32CubeIDE/plugins/com.st.stm32cube.ide.mcu.externaltools.gnu-tools-for-stm32.11.3.rel1.win32_1.1.100.202309141235/tools/bin/../lib/gcc/arm-none-eabi/11.3.1/../../../../arm-none-eabi/lib/thumb/v7e-m+fp/hard\libstdc++_nano.a(snprintf_lite.o)
                              C:/ST/STM32CubeIDE_1.14.0/STM32CubeIDE/plugins/com.st.stm32cube.ide.mcu.externaltools.gnu-tools-for-stm32.11.3.rel1.win32_1.1.100.202309141235/tools/bin/../lib/gcc/arm-none-eabi/11.3.1/../../../../arm-none-eabi/lib/thumb/v7e-m+fp/hard\libstdc++_nano.a(functexcept.o) (__gnu_cxx::__snprintf_lite(char*, unsigned int, char const*, std::__va_list))
C:/ST/STM32CubeIDE_1.14.0/STM32CubeIDE/plugins/com.st.stm32cube.ide.mcu.externaltools.gnu-tools-for-stm32.11.3.rel1.win32_1.1.100.202309141235/tools/bin/../lib/gcc/arm-none-eabi/11.3.1/../../../../arm-none-eabi/lib/thumb/v7e-m+fp/hard\libstdc++_nano.a(new_handler.o)
                              C:/ST/STM32CubeIDE_1.14.0/STM32CubeIDE/plugins/com.st.stm32cube.ide.mcu.externaltools.gnu-tools-for-stm32.11.3.rel1.win32_1.1.100.202309141235/tools/bin/../lib/gcc/arm-none-eabi/11.3.1/../../../../arm-none-eabi/lib/thumb/v7e-m+fp/hard\libstdc++_nano.a(new_op.o) (std::get_new_handler())
C:/ST/STM32CubeIDE_1.14.0/STM32CubeIDE/plugins/com.st.stm32cube.ide.mcu.externaltools.gnu-tools-for-stm32.11.3.rel1.win32_1.1.100.202309141235/tools/bin/../lib/gcc/arm-none-eabi/11.3.1/../../../../arm-none-eabi/lib/thumb/v7e-m+fp/hard\libc_nano.a(libc_a-abort.o)
                              C:/ST/STM32CubeIDE_1.14.0/STM32CubeIDE/plugins/com.st.stm32cube.ide.mcu.externaltools.gnu-tools-for-stm32.11.3.rel1.win32_1.1.100.202309141235/tools/bin/../lib/gcc/arm-none-eabi/11.3.1/../../../../arm-none-eabi/lib/thumb/v7e-m+fp/hard\libstdc++_nano.a(new_op.o) (abort)
C:/ST/STM32CubeIDE_1.14.0/STM32CubeIDE/plugins/com.st.stm32cube.ide.mcu.externaltools.gnu-tools-for-stm32.11.3.rel1.win32_1.1.100.202309141235/tools/bin/../lib/gcc/arm-none-eabi/11.3.1/../../../../arm-none-eabi/lib/thumb/v7e-m+fp/hard\libc_nano.a(libc_a-exit.o)
                              C:/ST/STM32CubeIDE_1.14.0/STM32CubeIDE/plugins/com.st.stm32cube.ide.mcu.externaltools.gnu-tools-for-stm32.11.3.rel1.win32_1.1.100.202309141235/tools/bin/../lib/gcc/arm-none-eabi/11.3.1/../../../../arm-none-eabi/lib/thumb/v7e-m+fp/hard/crt0.o (exit)
[...]
Memory Configuration

Name             Origin             Length             Attributes
CCMRAM           0x0000000010000000 0x0000000000010000 xrw
RAM              0x0000000020000000 0x0000000000020000 xrw
FLASH            0x0000000008000000 0x0000000000080000 xr
*default*        0x0000000000000000 0xffffffffffffffff

Linker script and memory map

LOAD C:/ST/STM32CubeIDE_1.14.0/STM32CubeIDE/plugins/com.st.stm32cube.ide.mcu.externaltools.gnu-tools-for-stm32.11.3.rel1.win32_1.1.100.202309141235/tools/bin/../lib/gcc/arm-none-eabi/11.3.1/thumb/v7e-m+fp/hard/crti.o
LOAD C:/ST/STM32CubeIDE_1.14.0/STM32CubeIDE/plugins/com.st.stm32cube.ide.mcu.externaltools.gnu-tools-for-stm32.11.3.rel1.win32_1.1.100.202309141235/tools/bin/../lib/gcc/arm-none-eabi/11.3.1/thumb/v7e-m+fp/hard/crtbegin.o
LOAD C:/ST/STM32CubeIDE_1.14.0/STM32CubeIDE/plugins/com.st.stm32cube.ide.mcu.externaltools.gnu-tools-for-stm32.11.3.rel1.win32_1.1.100.202309141235/tools/bin/../lib/gcc/arm-none-eabi/11.3.1/../../../../arm-none-eabi/lib/thumb/v7e-m+fp/hard/crt0.o
LOAD ./Core/Lib/DHCP/dhcp.o
LOAD ./Core/Lib/DNS/dns.o
LOAD ./Core/Lib/Ethernet/W5500/w5500.o
LOAD ./Core/Lib/Ethernet/ethertnet.o
LOAD ./Core/Lib/Ethernet/socket.o
LOAD ./Core/Lib/Ethernet/wizchip_conf.o
LOAD ./Core/Lib/JSON/cJSON.o
LOAD ./Core/Lib/MQTT/MQTTClient.o
LOAD ./Core/Lib/MQTT/mqtt_interface.o
LOAD ./Core/Lib/MQTT/MQTTPacket/src/MQTTConnectClient.o
LOAD ./Core/Lib/MQTT/MQTTPacket/src/MQTTConnectServer.o
LOAD ./Core/Lib/MQTT/MQTTPacket/src/MQTTDeserializePublish.o
LOAD ./Core/Lib/MQTT/MQTTPacket/src/MQTTFormat.o
LOAD ./Core/Lib/MQTT/MQTTPacket/src/MQTTPacket.o
LOAD ./Core/Lib/MQTT/MQTTPacket/src/MQTTSerializePublish.o
LOAD ./Core/Lib/MQTT/MQTTPacket/src/MQTTSubscribeClient.o
LOAD ./Core/Lib/MQTT/MQTTPacket/src/MQTTSubscribeServer.o
LOAD ./Core/Lib/MQTT/MQTTPacket/src/MQTTUnsubscribeClient.o
LOAD ./Core/Lib/MQTT/MQTTPacket/src/MQTTUnsubscribeServer.o
LOAD ./Core/Src/EthernetManager.o
LOAD ./Core/Src/config.o
LOAD ./Core/Src/main.o
LOAD ./Core/Src/mqtt_init.o
LOAD ./Core/Src/network_init.o
LOAD ./Core/Src/stm32f4xx_hal_msp.o
LOAD ./Core/Src/stm32f4xx_it.o
LOAD ./Core/Src/syscalls.o
LOAD ./Core/Src/sysmem.o
LOAD ./Core/Src/system_stm32f4xx.o
LOAD ./Core/Src/utils.o
LOAD ./Core/Startup/startup_stm32f407vetx.o
LOAD ./Drivers/STM32F4xx_HAL_Driver/Src/stm32f4xx_hal.o
LOAD ./Drivers/STM32F4xx_HAL_Driver/Src/stm32f4xx_hal_adc.o
LOAD ./Drivers/STM32F4xx_HAL_Driver/Src/stm32f4xx_hal_adc_ex.o
LOAD ./Drivers/STM32F4xx_HAL_Driver/Src/stm32f4xx_hal_cortex.o
LOAD ./Drivers/STM32F4xx_HAL_Driver/Src/stm32f4xx_hal_dma.o
LOAD ./Drivers/STM32F4xx_HAL_Driver/Src/stm32f4xx_hal_dma_ex.o
LOAD ./Drivers/STM32F4xx_HAL_Driver/Src/stm32f4xx_hal_exti.o
LOAD ./Drivers/STM32F4xx_HAL_Driver/Src/stm32f4xx_hal_flash.o
LOAD ./Drivers/STM32F4xx_HAL_Driver/Src/stm32f4xx_hal_flash_ex.o
LOAD ./Drivers/STM32F4xx_HAL_Driver/Src/stm32f4xx_hal_flash_ramfunc.o
LOAD ./Drivers/STM32F4xx_HAL_Driver/Src/stm32f4xx_hal_gpio.o
LOAD ./Drivers/STM32F4xx_HAL_Driver/Src/stm32f4xx_hal_pwr.o
LOAD ./Drivers/STM32F4xx_HAL_Driver/Src/stm32f4xx_hal_pwr_ex.o
LOAD ./Drivers/STM32F4xx_HAL_Driver/Src/stm32f4xx_hal_rcc.o
LOAD ./Drivers/STM32F4xx_HAL_Driver/Src/stm32f4xx_hal_rcc_ex.o
LOAD ./Drivers/STM32F4xx_HAL_Driver/Src/stm32f4xx_hal_spi.o
LOAD ./Drivers/STM32F4xx_HAL_Driver/Src/stm32f4xx_hal_tim.o
LOAD ./Drivers/STM32F4xx_HAL_Driver/Src/stm32f4xx_hal_tim_ex.o
LOAD ./Drivers/STM32F4xx_HAL_Driver/Src/stm32f4xx_hal_uart.o
LOAD ./Drivers/STM32F4xx_HAL_Driver/Src/stm32f4xx_ll_adc.o
START GROUP
LOAD C:/ST/STM32CubeIDE_1.14.0/STM32CubeIDE/plugins/com.st.stm32cube.ide.mcu.externaltools.gnu-tools-for-stm32.11.3.rel1.win32_1.1.100.202309141235/tools/bin/../lib/gcc/arm-none-eabi/11.3.1/../../../../arm-none-eabi/lib/thumb/v7e-m+fp/hard\libstdc++_nano.a
LOAD C:/ST/STM32CubeIDE_1.14.0/STM32CubeIDE/plugins/com.st.stm32cube.ide.mcu.externaltools.gnu-tools-for-stm32.11.3.rel1.win32_1.1.100.202309141235/tools/bin/../lib/gcc/arm-none-eabi/11.3.1/../../../../arm-none-eabi/lib/thumb/v7e-m+fp/hard\libsupc++_nano.a
END GROUP
LOAD C:/ST/STM32CubeIDE_1.14.0/STM32CubeIDE/plugins/com.st.stm32cube.ide.mcu.externaltools.gnu-tools-for-stm32.11.3.rel1.win32_1.1.100.202309141235/tools/bin/../lib/gcc/arm-none-eabi/11.3.1/../../../../arm-none-eabi/lib/thumb/v7e-m+fp/hard\libstdc++_nano.a
LOAD C:/ST/STM32CubeIDE_1.14.0/STM32CubeIDE/plugins/com.st.stm32cube.ide.mcu.externaltools.gnu-tools-for-stm32.11.3.rel1.win32_1.1.100.202309141235/tools/bin/../lib/gcc/arm-none-eabi/11.3.1/../../../../arm-none-eabi/lib/thumb/v7e-m+fp/hard\libm.a
LOAD C:/ST/STM32CubeIDE_1.14.0/STM32CubeIDE/plugins/com.st.stm32cube.ide.mcu.externaltools.gnu-tools-for-stm32.11.3.rel1.win32_1.1.100.202309141235/tools/bin/../lib/gcc/arm-none-eabi/11.3.1/../../../../arm-none-eabi/lib/thumb/v7e-m+fp/hard\libc_nano.a
START GROUP
LOAD C:/ST/STM32CubeIDE_1.14.0/STM32CubeIDE/plugins/com.st.stm32cube.ide.mcu.externaltools.gnu-tools-for-stm32.11.3.rel1.win32_1.1.100.202309141235/tools/bin/../lib/gcc/arm-none-eabi/11.3.1/thumb/v7e-m+fp/hard\libgcc.a
LOAD C:/ST/STM32CubeIDE_1.14.0/STM32CubeIDE/plugins/com.st.stm32cube.ide.mcu.externaltools.gnu-tools-for-stm32.11.3.rel1.win32_1.1.100.202309141235/tools/bin/../lib/gcc/arm-none-eabi/11.3.1/../../../../arm-none-eabi/lib/thumb/v7e-m+fp/hard\libc_nano.a
END GROUP
START GROUP
LOAD C:/ST/STM32CubeIDE_1.14.0/STM32CubeIDE/plugins/com.st.stm32cube.ide.mcu.externaltools.gnu-tools-for-stm32.11.3.rel1.win32_1.1.100.202309141235/tools/bin/../lib/gcc/arm-none-eabi/11.3.1/thumb/v7e-m+fp/hard\libgcc.a
LOAD C:/ST/STM32CubeIDE_1.14.0/STM32CubeIDE/plugins/com.st.stm32cube.ide.mcu.externaltools.gnu-tools-for-stm32.11.3.rel1.win32_1.1.100.202309141235/tools/bin/../lib/gcc/arm-none-eabi/11.3.1/../../../../arm-none-eabi/lib/thumb/v7e-m+fp/hard\libc_nano.a
LOAD C:/ST/STM32CubeIDE_1.14.0/STM32CubeIDE/plugins/com.st.stm32cube.ide.mcu.externaltools.gnu-tools-for-stm32.11.3.rel1.win32_1.1.100.202309141235/tools/bin/../lib/gcc/arm-none-eabi/11.3.1/../../../../arm-none-eabi/lib/thumb/v7e-m+fp/hard\libnosys.a
END GROUP
START GROUP
LOAD C:/ST/STM32CubeIDE_1.14.0/STM32CubeIDE/plugins/com.st.stm32cube.ide.mcu.externaltools.gnu-tools-for-stm32.11.3.rel1.win32_1.1.100.202309141235/tools/bin/../lib/gcc/arm-none-eabi/11.3.1/thumb/v7e-m+fp/hard\libgcc.a
LOAD C:/ST/STM32CubeIDE_1.14.0/STM32CubeIDE/plugins/com.st.stm32cube.ide.mcu.externaltools.gnu-tools-for-stm32.11.3.rel1.win32_1.1.100.202309141235/tools/bin/../lib/gcc/arm-none-eabi/11.3.1/../../../../arm-none-eabi/lib/thumb/v7e-m+fp/hard\libc_nano.a
LOAD C:/ST/STM32CubeIDE_1.14.0/STM32CubeIDE/plugins/com.st.stm32cube.ide.mcu.externaltools.gnu-tools-for-stm32.11.3.rel1.win32_1.1.100.202309141235/tools/bin/../lib/gcc/arm-none-eabi/11.3.1/../../../../arm-none-eabi/lib/thumb/v7e-m+fp/hard\libnosys.a
END GROUP
LOAD C:/ST/STM32CubeIDE_1.14.0/STM32CubeIDE/plugins/com.st.stm32cube.ide.mcu.externaltools.gnu-tools-for-stm32.11.3.rel1.win32_1.1.100.202309141235/tools/bin/../lib/gcc/arm-none-eabi/11.3.1/thumb/v7e-m+fp/hard/crtend.o
LOAD C:/ST/STM32CubeIDE_1.14.0/STM32CubeIDE/plugins/com.st.stm32cube.ide.mcu.externaltools.gnu-tools-for-stm32.11.3.rel1.win32_1.1.100.202309141235/tools/bin/../lib/gcc/arm-none-eabi/11.3.1/thumb/v7e-m+fp/hard/crtn.o
                0x0000000020020000                _estack = (ORIGIN (RAM) + LENGTH (RAM))
                0x0000000000000200                _Min_Heap_Size = 0x200
                0x0000000000000400                _Min_Stack_Size = 0x400

.isr_vector     0x0000000008000000      0x188
                0x0000000008000000                . = ALIGN (0x4)
 *(.isr_vector)
 .isr_vector    0x0000000008000000      0x188 ./Core/Startup/startup_stm32f407vetx.o
                0x0000000008000000                g_pfnVectors
                0x0000000008000188                . = ALIGN (0x4)

.text           0x0000000008000190     0xb2d8
                0x0000000008000190                . = ALIGN (0x4)
 *(.text)
 .text          0x0000000008000190       0x40 C:/ST/STM32CubeIDE_1.14.0/STM32CubeIDE/plugins/com.st.stm32cube.ide.mcu.externaltools.gnu-tools-for-stm32.11.3.rel1.win32_1.1.100.202309141235/tools/bin/../lib/gcc/arm-none-eabi/11.3.1/thumb/v7e-m+fp/hard/crtbegin.o
 .text          0x00000000080001d0       0xa0 C:/ST/STM32CubeIDE_1.14.0/STM32CubeIDE/plugins/com.st.stm32cube.ide.mcu.externaltools.gnu-tools-for-stm32.11.3.rel1.win32_1.1.100.202309141235/tools/bin/../lib/gcc/arm-none-eabi/11.3.1/../../../../arm-none-eabi/lib/thumb/v7e-m+fp/hard\libc_nano.a(libc_a-memchr.o)
                0x00000000080001d0                memchr
 .text          0x0000000008000270       0x10 C:/ST/STM32CubeIDE_1.14.0/STM32CubeIDE/plugins/com.st.stm32cube.ide.mcu.externaltools.gnu-tools-for-stm32.11.3.rel1.win32_1.1.100.202309141235/tools/bin/../lib/gcc/arm-none-eabi/11.3.1/../../../../arm-none-eabi/lib/thumb/v7e-m+fp/hard\libc_nano.a(libc_a-strlen.o)
                0x0000000008000270                strlen
 .text          0x0000000008000280       0x30 C:/ST/STM32CubeIDE_1.14.0/STM32CubeIDE/plugins/com.st.stm32cube.ide.mcu.externaltools.gnu-tools-for-stm32.11.3.rel1.win32_1.1.100.202309141235/tools/bin/../lib/gcc/arm-none-eabi/11.3.1/thumb/v7e-m+fp/hard\libgcc.a(_aeabi_uldivmod.o)
                0x0000000008000280                __aeabi_uldivmod
 .text          0x00000000080002b0      0x2c8 C:/ST/STM32CubeIDE_1.14.0/STM32CubeIDE/plugins/com.st.stm32cube.ide.mcu.externaltools.gnu-tools-for-stm32.11.3.rel1.win32_1.1.100.202309141235/tools/bin/../lib/gcc/arm-none-eabi/11.3.1/thumb/v7e-m+fp/hard\libgcc.a(_udivmoddi4.o)
                0x00000000080002b0                __udivmoddi4
 .text          0x0000000008000578        0x4 C:/ST/STM32CubeIDE_1.14.0/STM32CubeIDE/plugins/com.st.stm32cube.ide.mcu.externaltools.gnu-tools-for-stm32.11.3.rel1.win32_1.1.100.202309141235/tools/bin/../lib/gcc/arm-none-eabi/11.3.1/thumb/v7e-m+fp/hard\libgcc.a(_dvmd_tls.o)
                0x0000000008000578                __aeabi_idiv0
                0x0000000008000578                __aeabi_ldiv0
 *(.text*)
 .text.default_ip_assign
                0x000000000800057c       0x38 ./Core/Lib/DHCP/dhcp.o
                0x000000000800057c                default_ip_assign
 .text.default_ip_update
                0x00000000080005b4       0x2c ./Core/Lib/DHCP/dhcp.o
                0x00000000080005b4                default_ip_update
 .text.default_ip_conflict
                0x00000000080005e0       0x28 ./Core/Lib/DHCP/dhcp.o
                0x00000000080005e0                default_ip_conflict
 .text.reg_dhcp_cbfunc
                0x0000000008000608       0x68 ./Core/Lib/DHCP/dhcp.o
                0x0000000008000608                reg_dhcp_cbfunc
 .text.makeDHCPMSG
                0x0000000008000670      0x1ec ./Core/Lib/DHCP/dhcp.o
                0x0000000008000670                makeDHCPMSG
 .text.send_DHCP_DISCOVER
                0x000000000800085c      0x2c8 ./Core/Lib/DHCP/dhcp.o
                0x000000000800085c                send_DHCP_DISCOVER
 .text.send_DHCP_REQUEST
                0x0000000008000b24      0x514 ./Core/Lib/DHCP/dhcp.o
                0x0000000008000b24                send_DHCP_REQUEST
 .text.send_DHCP_DECLINE
                0x0000000008001038      0x2a4 ./Core/Lib/DHCP/dhcp.o
                0x0000000008001038                send_DHCP_DECLINE
 .text.parseDHCPMSG
                0x00000000080012dc      0x3a4 ./Core/Lib/DHCP/dhcp.o
                0x00000000080012dc                parseDHCPMSG
 .text.DHCP_run
                0x0000000008001680      0x234 ./Core/Lib/DHCP/dhcp.o
                0x0000000008001680                DHCP_run
 .text.check_DHCP_timeout
                0x00000000080018b4       0xc0 ./Core/Lib/DHCP/dhcp.o
                0x00000000080018b4                check_DHCP_timeout
 .text.check_DHCP_leasedIP
                0x0000000008001974       0x7c ./Core/Lib/DHCP/dhcp.o
                0x0000000008001974                check_DHCP_leasedIP
 .text.DHCP_init
                0x00000000080019f0       0xd8 ./Core/Lib/DHCP/dhcp.o
                0x00000000080019f0                DHCP_init
 .text.reset_DHCP_timeout
                0x0000000008001ac8       0x2c ./Core/Lib/DHCP/dhcp.o
                0x0000000008001ac8                reset_DHCP_timeout
 .text.DHCP_time_handler
                0x0000000008001af4       0x1c ./Core/Lib/DHCP/dhcp.o
                0x0000000008001af4                DHCP_time_handler
 .text.getIPfromDHCP
                0x0000000008001b10       0x40 ./Core/Lib/DHCP/dhcp.o
                0x0000000008001b10                getIPfromDHCP
 .text.getGWfromDHCP
                0x0000000008001b50       0x40 ./Core/Lib/DHCP/dhcp.o
                0x0000000008001b50                getGWfromDHCP
 .text.getSNfromDHCP
                0x0000000008001b90       0x40 ./Core/Lib/DHCP/dhcp.o
                0x0000000008001b90                getSNfromDHCP
 .text.getDNSfromDHCP
                0x0000000008001bd0       0x40 ./Core/Lib/DHCP/dhcp.o
                0x0000000008001bd0                getDNSfromDHCP
 .text.NibbleToHex
                0x0000000008001c10       0x32 ./Core/Lib/DHCP/dhcp.o
                0x0000000008001c10                NibbleToHex
 *fill*         0x0000000008001c42        0x2 
 .text.DNS_init
                0x0000000008001c44       0x38 ./Core/Lib/DNS/dns.o
                0x0000000008001c44                DNS_init
 .text.WIZCHIP_READ
                0x0000000008001c7c       0x98 ./Core/Lib/Ethernet/W5500/w5500.o
                0x0000000008001c7c                WIZCHIP_READ
 .text.WIZCHIP_WRITE
                0x0000000008001d14       0x9c ./Core/Lib/Ethernet/W5500/w5500.o
                0x0000000008001d14                WIZCHIP_WRITE
 .text.WIZCHIP_READ_BUF
                0x0000000008001db0       0xc0 ./Core/Lib/Ethernet/W5500/w5500.o
                0x0000000008001db0                WIZCHIP_READ_BUF
 .text.WIZCHIP_WRITE_BUF
                0x0000000008001e70       0xc0 ./Core/Lib/Ethernet/W5500/w5500.o
                0x0000000008001e70                WIZCHIP_WRITE_BUF
 .text.getSn_TX_FSR
                0x0000000008001f30       0x96 ./Core/Lib/Ethernet/W5500/w5500.o
                0x0000000008001f30                getSn_TX_FSR
 .text.getSn_RX_RSR
                0x0000000008001fc6       0x96 ./Core/Lib/Ethernet/W5500/w5500.o
                0x0000000008001fc6                getSn_RX_RSR
 .text.wiz_send_data
                0x000000000800205c       0xb8 ./Core/Lib/Ethernet/W5500/w5500.o
                0x000000000800205c                wiz_send_data
 .text.wiz_recv_data
                0x0000000008002114       0xb8 ./Core/Lib/Ethernet/W5500/w5500.o
                0x0000000008002114                wiz_recv_data
 .text.wiz_recv_ignore
                0x00000000080021cc       0x90 ./Core/Lib/Ethernet/W5500/w5500.o
                0x00000000080021cc                wiz_recv_ignore
 .text.socket   0x000000000800225c      0x228 ./Core/Lib/Ethernet/socket.o
                0x000000000800225c                socket
 .text.close    0x0000000008002484       0xdc ./Core/Lib/Ethernet/socket.o
                0x0000000008002484                close
 .text.connect  0x0000000008002560      0x1b8 ./Core/Lib/Ethernet/socket.o
                0x0000000008002560                connect
 .text.disconnect
                0x0000000008002718       0xec ./Core/Lib/Ethernet/socket.o
                0x0000000008002718                disconnect
 .text.send     0x0000000008002804      0x1f4 ./Core/Lib/Ethernet/socket.o
                0x0000000008002804                send
 .text.recv     0x00000000080029f8      0x16c ./Core/Lib/Ethernet/socket.o
                0x00000000080029f8                recv
 .text.sendto   0x0000000008002b64      0x26c ./Core/Lib/Ethernet/socket.o
                0x0000000008002b64                sendto
 .text.recvfrom
                0x0000000008002dd0      0x3dc ./Core/Lib/Ethernet/socket.o
                0x0000000008002dd0                recvfrom
 .text.wizchip_cris_enter
                0x00000000080031ac        0xe ./Core/Lib/Ethernet/wizchip_conf.o
                0x00000000080031ac                wizchip_cris_enter
 .text.wizchip_cris_exit
                0x00000000080031ba        0xe ./Core/Lib/Ethernet/wizchip_conf.o
                0x00000000080031ba                wizchip_cris_exit
 .text.wizchip_cs_select
                0x00000000080031c8        0xe ./Core/Lib/Ethernet/wizchip_conf.o
                0x00000000080031c8                wizchip_cs_select
 .text.wizchip_cs_deselect
                0x00000000080031d6        0xe ./Core/Lib/Ethernet/wizchip_conf.o
                0x00000000080031d6                wizchip_cs_deselect
 .text.wizchip_bus_readdata
                0x00000000080031e4       0x1a ./Core/Lib/Ethernet/wizchip_conf.o
                0x00000000080031e4                wizchip_bus_readdata
 .text.wizchip_bus_writedata
                0x00000000080031fe       0x1e ./Core/Lib/Ethernet/wizchip_conf.o
                0x00000000080031fe                wizchip_bus_writedata
 .text.wizchip_spi_readbyte
                0x000000000800321c       0x10 ./Core/Lib/Ethernet/wizchip_conf.o
                0x000000000800321c                wizchip_spi_readbyte
 .text.wizchip_spi_writebyte
                0x000000000800322c       0x16 ./Core/Lib/Ethernet/wizchip_conf.o
                0x000000000800322c                wizchip_spi_writebyte
 .text.wizchip_spi_readburst
                0x0000000008003242       0x18 ./Core/Lib/Ethernet/wizchip_conf.o
                0x0000000008003242                wizchip_spi_readburst
 .text.wizchip_spi_writeburst
                0x000000000800325a       0x18 ./Core/Lib/Ethernet/wizchip_conf.o
                0x000000000800325a                wizchip_spi_writeburst
 *fill*         0x0000000008003272        0x2 
 .text.reg_wizchip_cs_cbfunc
                0x0000000008003274       0x4c ./Core/Lib/Ethernet/wizchip_conf.o
                0x0000000008003274                reg_wizchip_cs_cbfunc
 .text.reg_wizchip_spi_cbfunc
                0x00000000080032c0       0x58 ./Core/Lib/Ethernet/wizchip_conf.o
                0x00000000080032c0                reg_wizchip_spi_cbfunc
 .text.reg_wizchip_spiburst_cbfunc
                0x0000000008003318       0x58 ./Core/Lib/Ethernet/wizchip_conf.o
                0x0000000008003318                reg_wizchip_spiburst_cbfunc
 .text.ctlwizchip
                0x0000000008003370      0x1bc ./Core/Lib/Ethernet/wizchip_conf.o
                0x0000000008003370                ctlwizchip
 .text.wizchip_sw_reset
                0x000000000800352c       0x98 ./Core/Lib/Ethernet/wizchip_conf.o
                0x000000000800352c                wizchip_sw_reset
 .text.wizchip_init
                0x00000000080035c4      0x118 ./Core/Lib/Ethernet/wizchip_conf.o
                0x00000000080035c4                wizchip_init
 .text.wizchip_clrinterrupt
                0x00000000080036dc       0x3c ./Core/Lib/Ethernet/wizchip_conf.o
                0x00000000080036dc                wizchip_clrinterrupt
 .text.wizchip_getinterrupt
                0x0000000008003718       0x4a ./Core/Lib/Ethernet/wizchip_conf.o
                0x0000000008003718                wizchip_getinterrupt
 .text.wizchip_setinterruptmask
                0x0000000008003762       0x36 ./Core/Lib/Ethernet/wizchip_conf.o
                0x0000000008003762                wizchip_setinterruptmask
 .text.wizchip_getinterruptmask
                0x0000000008003798       0x46 ./Core/Lib/Ethernet/wizchip_conf.o
                0x0000000008003798                wizchip_getinterruptmask
 .text.wizphy_getphylink
                0x00000000080037de       0x2c ./Core/Lib/Ethernet/wizchip_conf.o
                0x00000000080037de                wizphy_getphylink
 .text.wizphy_getphypmode
                0x000000000800380a       0x32 ./Core/Lib/Ethernet/wizchip_conf.o
                0x000000000800380a                wizphy_getphypmode
 .text.wizphy_reset
                0x000000000800383c       0x4e ./Core/Lib/Ethernet/wizchip_conf.o
                0x000000000800383c                wizphy_reset
 .text.wizphy_setphyconf
                0x000000000800388a       0x84 ./Core/Lib/Ethernet/wizchip_conf.o
                0x000000000800388a                wizphy_setphyconf
 *fill*         0x000000000800390e        0x2 
 .text.wizphy_getphyconf
                0x0000000008003910       0xd4 ./Core/Lib/Ethernet/wizchip_conf.o
                0x0000000008003910                wizphy_getphyconf
 .text.wizphy_setphypmode
                0x00000000080039e4       0x94 ./Core/Lib/Ethernet/wizchip_conf.o
                0x00000000080039e4                wizphy_setphypmode
 .text.wizchip_setnetinfo
                0x0000000008003a78       0x80 ./Core/Lib/Ethernet/wizchip_conf.o
                0x0000000008003a78                wizchip_setnetinfo
 .text.NewMessageData
                0x0000000008003af8       0x24 ./Core/Lib/MQTT/MQTTClient.o
 .text.getNextPacketId
                0x0000000008003b1c       0x32 ./Core/Lib/MQTT/MQTTClient.o
 .text.sendPacket
                0x0000000008003b4e       0x92 ./Core/Lib/MQTT/MQTTClient.o
 .text.MQTTClientInit
                0x0000000008003be0       0x7c ./Core/Lib/MQTT/MQTTClient.o
                0x0000000008003be0                MQTTClientInit
 .text.decodePacket
                0x0000000008003c5c       0x88 ./Core/Lib/MQTT/MQTTClient.o
 .text.readPacket
                0x0000000008003ce4       0xc8 ./Core/Lib/MQTT/MQTTClient.o
 .text.isTopicMatched
                0x0000000008003dac       0xd2 ./Core/Lib/MQTT/MQTTClient.o
 .text.deliverMessage
                0x0000000008003e7e       0xd6 ./Core/Lib/MQTT/MQTTClient.o
                0x0000000008003e7e                deliverMessage
 .text.keepalive
                0x0000000008003f54       0x8e ./Core/Lib/MQTT/MQTTClient.o
                0x0000000008003f54                keepalive
 *fill*         0x0000000008003fe2        0x2 
 .text.cycle    0x0000000008003fe4      0x1c8 ./Core/Lib/MQTT/MQTTClient.o
                0x0000000008003fe4                cycle
 .text.MQTTYield
                0x00000000080041ac       0x4a ./Core/Lib/MQTT/MQTTClient.o
                0x00000000080041ac                MQTTYield
 .text.waitfor  0x00000000080041f6       0x3e ./Core/Lib/MQTT/MQTTClient.o
                0x00000000080041f6                waitfor
 .text.MQTTConnect
                0x0000000008004234      0x10c ./Core/Lib/MQTT/MQTTClient.o
                0x0000000008004234                MQTTConnect
 .text.MQTTSubscribe
                0x0000000008004340      0x152 ./Core/Lib/MQTT/MQTTClient.o
                0x0000000008004340                MQTTSubscribe
 .text.MQTTPublish
                0x0000000008004492      0x17e ./Core/Lib/MQTT/MQTTClient.o
                0x0000000008004492                MQTTPublish
 .text.MQTTDisconnect
                0x0000000008004610       0x64 ./Core/Lib/MQTT/MQTTClient.o
                0x0000000008004610                MQTTDisconnect
 .text.MilliTimer_Handler
                0x0000000008004674       0x1c ./Core/Lib/MQTT/mqtt_interface.o
                0x0000000008004674                MilliTimer_Handler
 .text.TimerInit
                0x0000000008004690       0x1a ./Core/Lib/MQTT/mqtt_interface.o
                0x0000000008004690                TimerInit
 *fill*         0x00000000080046aa        0x2 
 .text.TimerIsExpired
                0x00000000080046ac       0x2c ./Core/Lib/MQTT/mqtt_interface.o
                0x00000000080046ac                TimerIsExpired
 .text.TimerCountdownMS
                0x00000000080046d8       0x28 ./Core/Lib/MQTT/mqtt_interface.o
                0x00000000080046d8                TimerCountdownMS
 .text.TimerCountdown
                0x0000000008004700       0x30 ./Core/Lib/MQTT/mqtt_interface.o
                0x0000000008004700                TimerCountdown
 .text.TimerLeftMS
                0x0000000008004730       0x2c ./Core/Lib/MQTT/mqtt_interface.o
                0x0000000008004730                TimerLeftMS
 .text.NewNetwork
                0x000000000800475c       0x3c ./Core/Lib/MQTT/mqtt_interface.o
                0x000000000800475c                NewNetwork
 .text.w5x00_read
                0x0000000008004798       0x5a ./Core/Lib/MQTT/mqtt_interface.o
                0x0000000008004798                w5x00_read
 .text.w5x00_write
                0x00000000080047f2       0x48 ./Core/Lib/MQTT/mqtt_interface.o
                0x00000000080047f2                w5x00_write
 .text.w5x00_disconnect
                0x000000000800483a       0x1c ./Core/Lib/MQTT/mqtt_interface.o
                0x000000000800483a                w5x00_disconnect
 .text.ConnectNetwork
                0x0000000008004856       0x58 ./Core/Lib/MQTT/mqtt_interface.o
                0x0000000008004856                ConnectNetwork
 .text.MQTTSerialize_connectLength
                0x00000000080048ae       0xc2 ./Core/Lib/MQTT/MQTTPacket/src/MQTTConnectClient.o
                0x00000000080048ae                MQTTSerialize_connectLength
 .text.MQTTSerialize_connect
                0x0000000008004970      0x1d8 ./Core/Lib/MQTT/MQTTPacket/src/MQTTConnectClient.o
                0x0000000008004970                MQTTSerialize_connect
 .text.MQTTDeserialize_connack
                0x0000000008004b48       0xaa ./Core/Lib/MQTT/MQTTPacket/src/MQTTConnectClient.o
                0x0000000008004b48                MQTTDeserialize_connack
 .text.MQTTSerialize_zero
                0x0000000008004bf2       0x70 ./Core/Lib/MQTT/MQTTPacket/src/MQTTConnectClient.o
                0x0000000008004bf2                MQTTSerialize_zero
 .text.MQTTSerialize_disconnect
                0x0000000008004c62       0x1e ./Core/Lib/MQTT/MQTTPacket/src/MQTTConnectClient.o
                0x0000000008004c62                MQTTSerialize_disconnect
 .text.MQTTSerialize_pingreq
                0x0000000008004c80       0x1e ./Core/Lib/MQTT/MQTTPacket/src/MQTTConnectClient.o
                0x0000000008004c80                MQTTSerialize_pingreq
 .text.MQTTDeserialize_publish
                0x0000000008004c9e       0xe4 ./Core/Lib/MQTT/MQTTPacket/src/MQTTDeserializePublish.o
                0x0000000008004c9e                MQTTDeserialize_publish
 .text.MQTTDeserialize_ack
                0x0000000008004d82       0x96 ./Core/Lib/MQTT/MQTTPacket/src/MQTTDeserializePublish.o
                0x0000000008004d82                MQTTDeserialize_ack
 .text.MQTTPacket_encode
                0x0000000008004e18       0x5e ./Core/Lib/MQTT/MQTTPacket/src/MQTTPacket.o
                0x0000000008004e18                MQTTPacket_encode
 .text.MQTTPacket_decode
                0x0000000008004e76       0x78 ./Core/Lib/MQTT/MQTTPacket/src/MQTTPacket.o
                0x0000000008004e76                MQTTPacket_decode
 *fill*         0x0000000008004eee        0x2 
 .text.MQTTPacket_len
                0x0000000008004ef0       0x54 ./Core/Lib/MQTT/MQTTPacket/src/MQTTPacket.o
                0x0000000008004ef0                MQTTPacket_len
 .text.bufchar  0x0000000008004f44       0x40 ./Core/Lib/MQTT/MQTTPacket/src/MQTTPacket.o
                0x0000000008004f44                bufchar
 .text.MQTTPacket_decodeBuf
                0x0000000008004f84       0x2c ./Core/Lib/MQTT/MQTTPacket/src/MQTTPacket.o
                0x0000000008004f84                MQTTPacket_decodeBuf
 .text.readInt  0x0000000008004fb0       0x36 ./Core/Lib/MQTT/MQTTPacket/src/MQTTPacket.o
                0x0000000008004fb0                readInt
 .text.readChar
                0x0000000008004fe6       0x28 ./Core/Lib/MQTT/MQTTPacket/src/MQTTPacket.o
                0x0000000008004fe6                readChar
 .text.writeChar
                0x000000000800500e       0x2a ./Core/Lib/MQTT/MQTTPacket/src/MQTTPacket.o
                0x000000000800500e                writeChar
 .text.writeInt
                0x0000000008005038       0x52 ./Core/Lib/MQTT/MQTTPacket/src/MQTTPacket.o
                0x0000000008005038                writeInt
 .text.writeCString
                0x000000000800508a       0x3e ./Core/Lib/MQTT/MQTTPacket/src/MQTTPacket.o
                0x000000000800508a                writeCString
 .text.writeMQTTString
                0x00000000080050c8       0x5c ./Core/Lib/MQTT/MQTTPacket/src/MQTTPacket.o
                0x00000000080050c8                writeMQTTString
 .text.readMQTTLenString
                0x0000000008005124       0x62 ./Core/Lib/MQTT/MQTTPacket/src/MQTTPacket.o
                0x0000000008005124                readMQTTLenString
 .text.MQTTstrlen
                0x0000000008005186       0x32 ./Core/Lib/MQTT/MQTTPacket/src/MQTTPacket.o
                0x0000000008005186                MQTTstrlen
 .text.MQTTPacket_equals
                0x00000000080051b8       0x6e ./Core/Lib/MQTT/MQTTPacket/src/MQTTPacket.o
                0x00000000080051b8                MQTTPacket_equals
 .text.MQTTSerialize_publishLength
                0x0000000008005226       0x40 ./Core/Lib/MQTT/MQTTPacket/src/MQTTSerializePublish.o
                0x0000000008005226                MQTTSerialize_publishLength
 .text.MQTTSerialize_publish
                0x0000000008005266       0xec ./Core/Lib/MQTT/MQTTPacket/src/MQTTSerializePublish.o
                0x0000000008005266                MQTTSerialize_publish
 .text.MQTTSerialize_ack
                0x0000000008005352       0xaa ./Core/Lib/MQTT/MQTTPacket/src/MQTTSerializePublish.o
                0x0000000008005352                MQTTSerialize_ack
 .text.MQTTSerialize_subscribeLength
                0x00000000080053fc       0x4e ./Core/Lib/MQTT/MQTTPacket/src/MQTTSubscribeClient.o
                0x00000000080053fc                MQTTSerialize_subscribeLength
 .text.MQTTSerialize_subscribe
                0x000000000800544a       0xf4 ./Core/Lib/MQTT/MQTTPacket/src/MQTTSubscribeClient.o
                0x000000000800544a                MQTTSerialize_subscribe
 .text.MQTTDeserialize_suback
                0x000000000800553e       0xce ./Core/Lib/MQTT/MQTTPacket/src/MQTTSubscribeClient.o
                0x000000000800553e                MQTTDeserialize_suback
 .text._ZN15EthernetManagerD2Ev
                0x000000000800560c       0x16 ./Core/Src/EthernetManager.o
                0x000000000800560c                EthernetManager::~EthernetManager()
                0x000000000800560c                EthernetManager::~EthernetManager()
 .text._ZN15EthernetManagerC2Ev
                0x0000000008005622       0x16 ./Core/Src/EthernetManager.o
                0x0000000008005622                EthernetManager::EthernetManager()
                0x0000000008005622                EthernetManager::EthernetManager()
 .text._ZN15EthernetManager12isIpAssignedEv
                0x0000000008005638       0x1c ./Core/Src/EthernetManager.o
                0x0000000008005638                EthernetManager::isIpAssigned()
 .text._ZN15EthernetManager12setIPAssigedEb
                0x0000000008005654       0x24 ./Core/Src/EthernetManager.o
                0x0000000008005654                EthernetManager::setIPAssiged(bool)
 .text._ZN15EthernetManager10initializeEPK6Config
                0x0000000008005678       0x4c ./Core/Src/EthernetManager.o
                0x0000000008005678                EthernetManager::initialize(Config const*)
 .text._ZN15EthernetManager11resetAssertEv
                0x00000000080056c4       0x28 ./Core/Src/EthernetManager.o
                0x00000000080056c4                EthernetManager::resetAssert()
 .text._ZN15EthernetManager13resetDeassertEv
                0x00000000080056ec       0x28 ./Core/Src/EthernetManager.o
                0x00000000080056ec                EthernetManager::resetDeassert()
 .text._ZN15EthernetManager12W5500_SelectEv
                0x0000000008005714       0x18 ./Core/Src/EthernetManager.o
                0x0000000008005714                EthernetManager::W5500_Select()
 .text._ZN15EthernetManager14W5500_UnselectEv
                0x000000000800572c       0x18 ./Core/Src/EthernetManager.o
                0x000000000800572c                EthernetManager::W5500_Unselect()
 .text._ZN15EthernetManager14W5500_ReadBuffEPht
                0x0000000008005744       0x28 ./Core/Src/EthernetManager.o
                0x0000000008005744                EthernetManager::W5500_ReadBuff(unsigned char*, unsigned short)
 .text._ZN15EthernetManager15W5500_WriteBuffEPht
                0x000000000800576c       0x28 ./Core/Src/EthernetManager.o
                0x000000000800576c                EthernetManager::W5500_WriteBuff(unsigned char*, unsigned short)
 .text._ZN15EthernetManager14W5500_ReadByteEv
                0x0000000008005794       0x1a ./Core/Src/EthernetManager.o
                0x0000000008005794                EthernetManager::W5500_ReadByte()
 .text._ZN15EthernetManager15W5500_WriteByteEh
                0x00000000080057ae       0x1c ./Core/Src/EthernetManager.o
                0x00000000080057ae                EthernetManager::W5500_WriteByte(unsigned char)
 *fill*         0x00000000080057ca        0x2 
 .text._ZN15EthernetManager19Callback_IPAssignedEv
                0x00000000080057cc       0x1c ./Core/Src/EthernetManager.o
                0x00000000080057cc                EthernetManager::Callback_IPAssigned()
 .text._ZN15EthernetManager19Callback_IPConflictEv
                0x00000000080057e8       0x14 ./Core/Src/EthernetManager.o
                0x00000000080057e8                EthernetManager::Callback_IPConflict()
 .text._ZN15EthernetManager11initWIZCHIPEv
                0x00000000080057fc       0xb8 ./Core/Src/EthernetManager.o
                0x00000000080057fc                EthernetManager::initWIZCHIP()
 .text._ZN15EthernetManager16configureNetworkEPK6Config
                0x00000000080058b4      0x2a4 ./Core/Src/EthernetManager.o
                0x00000000080058b4                EthernetManager::configureNetwork(Config const*)
 .text._ZNSt5arrayIhLj4EE4dataEv
                0x0000000008005b58       0x1a ./Core/Src/EthernetManager.o
                0x0000000008005b58                std::array<unsigned char, 4u>::data()
 .text._ZNSt14__array_traitsIhLj4EE6_S_ptrERA4_Kh
                0x0000000008005b72       0x16 ./Core/Src/EthernetManager.o
                0x0000000008005b72                std::__array_traits<unsigned char, 4u>::_S_ptr(unsigned char const (&) [4])
 .text._ZNSt5arrayINSt7__cxx1112basic_stringIcSt11char_traitsIcESaIcEEELj10EEC2Ev
                0x0000000008005b88       0x28 ./Core/Src/config.o
                0x0000000008005b88                std::array<std::__cxx11::basic_string<char, std::char_traits<char>, std::allocator<char> >, 10u>::array()
                0x0000000008005b88                std::array<std::__cxx11::basic_string<char, std::char_traits<char>, std::allocator<char> >, 10u>::array()
 .text._ZNSt5arrayINSt7__cxx1112basic_stringIcSt11char_traitsIcESaIcEEELj10EED2Ev
                0x0000000008005bb0       0x2e ./Core/Src/config.o
                0x0000000008005bb0                std::array<std::__cxx11::basic_string<char, std::char_traits<char>, std::allocator<char> >, 10u>::~array()
                0x0000000008005bb0                std::array<std::__cxx11::basic_string<char, std::char_traits<char>, std::allocator<char> >, 10u>::~array()
 .text._ZN6ConfigC2Ev
                0x0000000008005bde       0x66 ./Core/Src/config.o
                0x0000000008005bde                Config::Config()
                0x0000000008005bde                Config::Config()
 .text._ZN6Config4initEv
                0x0000000008005c44      0x77c ./Core/Src/config.o
                0x0000000008005c44                Config::init()
 .text._ZNK6Config11getBrokerIPEv
                0x00000000080063c0       0x34 ./Core/Src/config.o
                0x00000000080063c0                Config::getBrokerIP() const
 .text._ZNK6Config13getBrokerPortEv
                0x00000000080063f4       0x18 ./Core/Src/config.o
                0x00000000080063f4                Config::getBrokerPort() const
 .text._ZNK6Config5getIPEv
                0x000000000800640c       0x3a ./Core/Src/config.o
                0x000000000800640c                Config::getIP() const
 .text._ZNK6Config10getGatewayEv
                0x0000000008006446       0x3a ./Core/Src/config.o
                0x0000000008006446                Config::getGateway() const
 .text._ZNK6Config9getSubnetEv
                0x0000000008006480       0x3a ./Core/Src/config.o
                0x0000000008006480                Config::getSubnet() const
 .text._ZNK6Config6getDNSEv
                0x00000000080064ba       0x3a ./Core/Src/config.o
                0x00000000080064ba                Config::getDNS() const
 .text._ZNK6Config20getKeepAliveIntervalEv
                0x00000000080064f4       0x18 ./Core/Src/config.o
                0x00000000080064f4                Config::getKeepAliveInterval() const
 .text._ZNK6Config14getDHCPEnabledEv
                0x000000000800650c       0x18 ./Core/Src/config.o
                0x000000000800650c                Config::getDHCPEnabled() const
 .text._ZNK6Config11getUsernameB5cxx11Ev
                0x0000000008006524       0x1e ./Core/Src/config.o
                0x0000000008006524                Config::getUsername[abi:cxx11]() const
 .text._ZNK6Config11getClientIdB5cxx11Ev
                0x0000000008006542       0x1e ./Core/Src/config.o
                0x0000000008006542                Config::getClientId[abi:cxx11]() const
 .text._ZNK6Config11getPasswordB5cxx11Ev
                0x0000000008006560       0x1e ./Core/Src/config.o
                0x0000000008006560                Config::getPassword[abi:cxx11]() const
 .text._ZNK6Config17getTopicSubscribeB5cxx11Ev
                0x000000000800657e       0x1e ./Core/Src/config.o
                0x000000000800657e                Config::getTopicSubscribe[abi:cxx11]() const
 .text._ZNK6Config15getTopicPublishB5cxx11Ev
                0x000000000800659c       0x1e ./Core/Src/config.o
                0x000000000800659c                Config::getTopicPublish[abi:cxx11]() const
 .text._ZNSt5arrayINSt7__cxx1112basic_stringIcSt11char_traitsIcESaIcEEELj10EEC2ERKS6_
                0x00000000080065ba       0x30 ./Core/Src/config.o
                0x00000000080065ba                std::array<std::__cxx11::basic_string<char, std::char_traits<char>, std::allocator<char> >, 10u>::array(std::array<std::__cxx11::basic_string<char, std::char_traits<char>, std::allocator<char> >, 10u> const&)
                0x00000000080065ba                std::array<std::__cxx11::basic_string<char, std::char_traits<char>, std::allocator<char> >, 10u>::array(std::array<std::__cxx11::basic_string<char, std::char_traits<char>, std::allocator<char> >, 10u> const&)
 .text._ZN6Config11setBrokerIPERKSt5arrayIhLj4EE
                0x00000000080065ea       0x1e ./Core/Src/config.o
                0x00000000080065ea                Config::setBrokerIP(std::array<unsigned char, 4u> const&)
 .text._ZN6Config13setBrokerPortEt
                0x0000000008006608       0x1e ./Core/Src/config.o
                0x0000000008006608                Config::setBrokerPort(unsigned short)
 .text._ZN6Config5setIPERKSt5arrayIhLj4EE
                0x0000000008006626       0x20 ./Core/Src/config.o
                0x0000000008006626                Config::setIP(std::array<unsigned char, 4u> const&)
 .text._ZN6Config10setGatewayERKSt5arrayIhLj4EE
                0x0000000008006646       0x20 ./Core/Src/config.o
                0x0000000008006646                Config::setGateway(std::array<unsigned char, 4u> const&)
 .text._ZN6Config9setSubnetERKSt5arrayIhLj4EE
                0x0000000008006666       0x20 ./Core/Src/config.o
                0x0000000008006666                Config::setSubnet(std::array<unsigned char, 4u> const&)
 .text._ZN6Config6setDNSERKSt5arrayIhLj4EE
                0x0000000008006686       0x20 ./Core/Src/config.o
                0x0000000008006686                Config::setDNS(std::array<unsigned char, 4u> const&)
 .text._ZN6Config20setKeepAliveIntervalEt
                0x00000000080066a6       0x1e ./Core/Src/config.o
                0x00000000080066a6                Config::setKeepAliveInterval(unsigned short)
 .text._ZN6Config14setDHCPEnabledEb
                0x00000000080066c4       0x1e ./Core/Src/config.o
                0x00000000080066c4                Config::setDHCPEnabled(bool)
 .text._ZN6Config15setIntervalTimeEm
                0x00000000080066e2       0x1c ./Core/Src/config.o
                0x00000000080066e2                Config::setIntervalTime(unsigned long)
 .text._ZN6Config11setUsernameERKNSt7__cxx1112basic_stringIcSt11char_traitsIcESaIcEEE
                0x00000000080066fe       0x1e ./Core/Src/config.o
                0x00000000080066fe                Config::setUsername(std::__cxx11::basic_string<char, std::char_traits<char>, std::allocator<char> > const&)
 .text._ZN6Config11setClientIdERKNSt7__cxx1112basic_stringIcSt11char_traitsIcESaIcEEE
                0x000000000800671c       0x1e ./Core/Src/config.o
                0x000000000800671c                Config::setClientId(std::__cxx11::basic_string<char, std::char_traits<char>, std::allocator<char> > const&)
 .text._ZN6Config11setPasswordERKNSt7__cxx1112basic_stringIcSt11char_traitsIcESaIcEEE
                0x000000000800673a       0x1e ./Core/Src/config.o
                0x000000000800673a                Config::setPassword(std::__cxx11::basic_string<char, std::char_traits<char>, std::allocator<char> > const&)
 .text._ZN6Config15setTopicPublishERKNSt7__cxx1112basic_stringIcSt11char_traitsIcESaIcEEE
                0x0000000008006758       0x1e ./Core/Src/config.o
                0x0000000008006758                Config::setTopicPublish(std::__cxx11::basic_string<char, std::char_traits<char>, std::allocator<char> > const&)
 .text._ZN6Config6setQoSEi
                0x0000000008006776       0x1e ./Core/Src/config.o
                0x0000000008006776                Config::setQoS(int)
 .text._ZNSt5arrayINSt7__cxx1112basic_stringIcSt11char_traitsIcESaIcEEELj10EEaSERKS6_
                0x0000000008006794       0x30 ./Core/Src/config.o
                0x0000000008006794                std::array<std::__cxx11::basic_string<char, std::char_traits<char>, std::allocator<char> >, 10u>::operator=(std::array<std::__cxx11::basic_string<char, std::char_traits<char>, std::allocator<char> >, 10u> const&)
 .text._ZN6Config19setAnalogInputNamesERKSt5arrayINSt7__cxx1112basic_stringIcSt11char_traitsIcESaIcEEELj10EE
                0x00000000080067c4       0x1e ./Core/Src/config.o
                0x00000000080067c4                Config::setAnalogInputNames(std::array<std::__cxx11::basic_string<char, std::char_traits<char>, std::allocator<char> >, 10u> const&)
 .text._ZN6Config20setDigitalInputNamesERKSt5arrayINSt7__cxx1112basic_stringIcSt11char_traitsIcESaIcEEELj10EE
                0x00000000080067e2       0x20 ./Core/Src/config.o
                0x00000000080067e2                Config::setDigitalInputNames(std::array<std::__cxx11::basic_string<char, std::char_traits<char>, std::allocator<char> >, 10u> const&)
 .text._ZN6Config21setDigitalOutputNamesERKSt5arrayINSt7__cxx1112basic_stringIcSt11char_traitsIcESaIcEEELj10EE
                0x0000000008006802       0x20 ./Core/Src/config.o
                0x0000000008006802                Config::setDigitalOutputNames(std::array<std::__cxx11::basic_string<char, std::char_traits<char>, std::allocator<char> >, 10u> const&)
 .text._ZN6ConfigC2ERKS_
                0x0000000008006822      0x10c ./Core/Src/main.o
                0x0000000008006822                Config::Config(Config const&)
                0x0000000008006822                Config::Config(Config const&)
 .text._ZN6ConfigD2Ev
                0x000000000800692e       0x66 ./Core/Src/main.o
                0x000000000800692e                Config::~Config()
                0x000000000800692e                Config::~Config()
 .text.main     0x0000000008006994       0x9c ./Core/Src/main.o
                0x0000000008006994                main
 .text._Z18SystemClock_Configv
                0x0000000008006a30       0xe8 ./Core/Src/main.o
                0x0000000008006a30                SystemClock_Config()
 .text._ZL12MX_ADC1_Initv
                0x0000000008006b18      0x17c ./Core/Src/main.o
 .text._ZL12MX_ADC2_Initv
                0x0000000008006c94      0x120 ./Core/Src/main.o
 .text._ZL12MX_SPI2_Initv
                0x0000000008006db4       0x78 ./Core/Src/main.o
 .text._ZL19MX_USART1_UART_Initv
                0x0000000008006e2c       0x5c ./Core/Src/main.o
 .text._ZL12MX_GPIO_Initv
                0x0000000008006e88      0x1f8 ./Core/Src/main.o
 .text.HAL_GPIO_EXTI_Callback
                0x0000000008007080       0x16 ./Core/Src/main.o
                0x0000000008007080                HAL_GPIO_EXTI_Callback
 .text.Error_Handler
                0x0000000008007096        0xa ./Core/Src/main.o
                0x0000000008007096                Error_Handler
 .text._Z41__static_initialization_and_destruction_0ii
                0x00000000080070a0       0x94 ./Core/Src/main.o
 .text._GLOBAL__sub_I_hadc1
                0x0000000008007134       0x10 ./Core/Src/main.o
 .text._GLOBAL__sub_D_hadc1
                0x0000000008007144       0x10 ./Core/Src/main.o
 .text._ZN14MQTTConnectionC2Ev
                0x0000000008007154       0x16 ./Core/Src/mqtt_init.o
                0x0000000008007154                MQTTConnection::MQTTConnection()
                0x0000000008007154                MQTTConnection::MQTTConnection()
 *fill*         0x000000000800716a        0x2 
 .text._ZN14MQTTConnection4initE6Config
                0x000000000800716c      0x178 ./Core/Src/mqtt_init.o
                0x000000000800716c                MQTTConnection::init(Config)
 .text._ZN14MQTTConnection7connectE6Config
                0x00000000080072e4       0xf0 ./Core/Src/mqtt_init.o
                0x00000000080072e4                MQTTConnection::connect(Config)
 .text._ZN14MQTTConnection7publishEPc6Config
                0x00000000080073d4       0x88 ./Core/Src/mqtt_init.o
                0x00000000080073d4                MQTTConnection::publish(char*, Config)
 .text._ZN14MQTTConnection9subscribeENSt7__cxx1112basic_stringIcSt11char_traitsIcESaIcEEE
                0x000000000800745c       0x54 ./Core/Src/mqtt_init.o
                0x000000000800745c                MQTTConnection::subscribe(std::__cxx11::basic_string<char, std::char_traits<char>, std::allocator<char> >)
 .text._ZN14MQTTConnection13handleMessageEP11MessageData
                0x00000000080074b0       0x28 ./Core/Src/mqtt_init.o
                0x00000000080074b0                MQTTConnection::handleMessage(MessageData*)
 .text._ZN14MQTTConnection21handleIncomingMessageEP11MessageData
                0x00000000080074d8       0x1c ./Core/Src/mqtt_init.o
                0x00000000080074d8                MQTTConnection::handleIncomingMessage(MessageData*)
 .text._ZN14MQTTConnectionD2Ev
                0x00000000080074f4       0x18 ./Core/Src/mqtt_init.o
                0x00000000080074f4                MQTTConnection::~MQTTConnection()
                0x00000000080074f4                MQTTConnection::~MQTTConnection()
 .text._ZN14MQTTConnection10disconnectEv
                0x000000000800750c       0x24 ./Core/Src/mqtt_init.o
                0x000000000800750c                MQTTConnection::disconnect()
 .text._ZN14MQTTConnection9mqttYieldEv
                0x0000000008007530       0x1a ./Core/Src/mqtt_init.o
                0x0000000008007530                MQTTConnection::mqttYield()
 *fill*         0x000000000800754a        0x2 
 .text.HAL_MspInit
                0x000000000800754c       0x50 ./Core/Src/stm32f4xx_hal_msp.o
                0x000000000800754c                HAL_MspInit
 .text.HAL_ADC_MspInit
                0x000000000800759c      0x108 ./Core/Src/stm32f4xx_hal_msp.o
                0x000000000800759c                HAL_ADC_MspInit
 .text.HAL_SPI_MspInit
                0x00000000080076a4       0x90 ./Core/Src/stm32f4xx_hal_msp.o
                0x00000000080076a4                HAL_SPI_MspInit
 .text.HAL_UART_MspInit
                0x0000000008007734       0xa0 ./Core/Src/stm32f4xx_hal_msp.o
                0x0000000008007734                HAL_UART_MspInit
 .text.NMI_Handler
                0x00000000080077d4        0x6 ./Core/Src/stm32f4xx_it.o
                0x00000000080077d4                NMI_Handler
 .text.HardFault_Handler
                0x00000000080077da        0x6 ./Core/Src/stm32f4xx_it.o
                0x00000000080077da                HardFault_Handler
 .text.MemManage_Handler
                0x00000000080077e0        0x6 ./Core/Src/stm32f4xx_it.o
                0x00000000080077e0                MemManage_Handler
 .text.BusFault_Handler
                0x00000000080077e6        0x6 ./Core/Src/stm32f4xx_it.o
                0x00000000080077e6                BusFault_Handler
 .text.UsageFault_Handler
                0x00000000080077ec        0x6 ./Core/Src/stm32f4xx_it.o
                0x00000000080077ec                UsageFault_Handler
 .text.SVC_Handler
                0x00000000080077f2        0xe ./Core/Src/stm32f4xx_it.o
                0x00000000080077f2                SVC_Handler
 .text.DebugMon_Handler
                0x0000000008007800        0xe ./Core/Src/stm32f4xx_it.o
                0x0000000008007800                DebugMon_Handler
 .text.PendSV_Handler
                0x000000000800780e        0xe ./Core/Src/stm32f4xx_it.o
                0x000000000800780e                PendSV_Handler
 .text.SysTick_Handler
                0x000000000800781c       0x34 ./Core/Src/stm32f4xx_it.o
                0x000000000800781c                SysTick_Handler
 .text.ADC_IRQHandler
                0x0000000008007850       0x1c ./Core/Src/stm32f4xx_it.o
                0x0000000008007850                ADC_IRQHandler
 .text.USART1_IRQHandler
                0x000000000800786c        0xe ./Core/Src/stm32f4xx_it.o
                0x000000000800786c                USART1_IRQHandler
 .text.EXTI15_10_IRQHandler
                0x000000000800787a       0x10 ./Core/Src/stm32f4xx_it.o
                0x000000000800787a                EXTI15_10_IRQHandler
 .text._getpid  0x000000000800788a       0x10 ./Core/Src/syscalls.o
                0x000000000800788a                _getpid
 .text._kill    0x000000000800789a       0x20 ./Core/Src/syscalls.o
                0x000000000800789a                _kill
 .text._exit    0x00000000080078ba       0x14 ./Core/Src/syscalls.o
                0x00000000080078ba                _exit
 *fill*         0x00000000080078ce        0x2 
 .text._sbrk    0x00000000080078d0       0x6c ./Core/Src/sysmem.o
                0x00000000080078d0                _sbrk
 .text.SystemInit
                0x000000000800793c       0x24 ./Core/Src/system_stm32f4xx.o
                0x000000000800793c                SystemInit
 .text._Z5PrintPKcz
                0x0000000008007960       0x60 ./Core/Src/utils.o
                0x0000000008007960                Print(char const*, ...)
 .text.Reset_Handler
                0x00000000080079c0       0x50 ./Core/Startup/startup_stm32f407vetx.o
                0x00000000080079c0                Reset_Handler
 .text.Default_Handler
                0x0000000008007a10        0x2 ./Core/Startup/startup_stm32f407vetx.o
                0x0000000008007a10                RTC_Alarm_IRQHandler
                0x0000000008007a10                HASH_RNG_IRQHandler
                0x0000000008007a10                EXTI2_IRQHandler
                0x0000000008007a10                TIM8_CC_IRQHandler
                0x0000000008007a10                TIM1_CC_IRQHandler
                0x0000000008007a10                DMA2_Stream5_IRQHandler
                0x0000000008007a10                DMA1_Stream5_IRQHandler
                0x0000000008007a10                PVD_IRQHandler
                0x0000000008007a10                SDIO_IRQHandler
                0x0000000008007a10                TAMP_STAMP_IRQHandler
                0x0000000008007a10                CAN2_RX1_IRQHandler
                0x0000000008007a10                EXTI3_IRQHandler
                0x0000000008007a10                TIM8_TRG_COM_TIM14_IRQHandler
                0x0000000008007a10                TIM1_UP_TIM10_IRQHandler
                0x0000000008007a10                TIM8_UP_TIM13_IRQHandler
                0x0000000008007a10                I2C3_ER_IRQHandler
                0x0000000008007a10                EXTI0_IRQHandler
                0x0000000008007a10                I2C2_EV_IRQHandler
                0x0000000008007a10                DMA1_Stream2_IRQHandler
                0x0000000008007a10                CAN1_RX0_IRQHandler
                0x0000000008007a10                FPU_IRQHandler
                0x0000000008007a10                OTG_HS_WKUP_IRQHandler
                0x0000000008007a10                CAN2_SCE_IRQHandler
                0x0000000008007a10                DMA2_Stream2_IRQHandler
                0x0000000008007a10                SPI1_IRQHandler
                0x0000000008007a10                TIM6_DAC_IRQHandler
                0x0000000008007a10                TIM1_BRK_TIM9_IRQHandler
                0x0000000008007a10                DCMI_IRQHandler
                0x0000000008007a10                CAN2_RX0_IRQHandler
                0x0000000008007a10                DMA2_Stream3_IRQHandler
                0x0000000008007a10                USART6_IRQHandler
                0x0000000008007a10                USART3_IRQHandler
                0x0000000008007a10                CAN1_RX1_IRQHandler
                0x0000000008007a10                UART5_IRQHandler
                0x0000000008007a10                DMA2_Stream0_IRQHandler
                0x0000000008007a10                TIM4_IRQHandler
                0x0000000008007a10                I2C1_EV_IRQHandler
                0x0000000008007a10                DMA1_Stream6_IRQHandler
                0x0000000008007a10                DMA1_Stream1_IRQHandler
                0x0000000008007a10                UART4_IRQHandler
                0x0000000008007a10                TIM3_IRQHandler
                0x0000000008007a10                RCC_IRQHandler
                0x0000000008007a10                TIM8_BRK_TIM12_IRQHandler
                0x0000000008007a10                Default_Handler
                0x0000000008007a10                DMA1_Stream7_IRQHandler
                0x0000000008007a10                TIM7_IRQHandler
                0x0000000008007a10                CAN2_TX_IRQHandler
                0x0000000008007a10                TIM5_IRQHandler
                0x0000000008007a10                DMA2_Stream7_IRQHandler
                0x0000000008007a10                I2C3_EV_IRQHandler
                0x0000000008007a10                EXTI9_5_IRQHandler
                0x0000000008007a10                RTC_WKUP_IRQHandler
                0x0000000008007a10                ETH_WKUP_IRQHandler
                0x0000000008007a10                SPI2_IRQHandler
                0x0000000008007a10                OTG_HS_EP1_IN_IRQHandler
                0x0000000008007a10                DMA1_Stream0_IRQHandler
                0x0000000008007a10                CAN1_TX_IRQHandler
                0x0000000008007a10                EXTI4_IRQHandler
                0x0000000008007a10                FSMC_IRQHandler
                0x0000000008007a10                ETH_IRQHandler
                0x0000000008007a10                OTG_HS_EP1_OUT_IRQHandler
                0x0000000008007a10                WWDG_IRQHandler
                0x0000000008007a10                TIM2_IRQHandler
                0x0000000008007a10                OTG_FS_WKUP_IRQHandler
                0x0000000008007a10                TIM1_TRG_COM_TIM11_IRQHandler
                0x0000000008007a10                OTG_HS_IRQHandler
                0x0000000008007a10                EXTI1_IRQHandler
                0x0000000008007a10                USART2_IRQHandler
                0x0000000008007a10                I2C2_ER_IRQHandler
                0x0000000008007a10                DMA2_Stream1_IRQHandler
                0x0000000008007a10                CAN1_SCE_IRQHandler
                0x0000000008007a10                FLASH_IRQHandler
                0x0000000008007a10                DMA2_Stream4_IRQHandler
                0x0000000008007a10                OTG_FS_IRQHandler
                0x0000000008007a10                SPI3_IRQHandler
                0x0000000008007a10                DMA1_Stream4_IRQHandler
                0x0000000008007a10                I2C1_ER_IRQHandler
                0x0000000008007a10                DMA2_Stream6_IRQHandler
                0x0000000008007a10                DMA1_Stream3_IRQHandler
 *fill*         0x0000000008007a12        0x2 
 .text.HAL_Init
                0x0000000008007a14       0x44 ./Drivers/STM32F4xx_HAL_Driver/Src/stm32f4xx_hal.o
                0x0000000008007a14                HAL_Init
 .text.HAL_InitTick
                0x0000000008007a58       0x60 ./Drivers/STM32F4xx_HAL_Driver/Src/stm32f4xx_hal.o
                0x0000000008007a58                HAL_InitTick
 .text.HAL_IncTick
                0x0000000008007ab8       0x28 ./Drivers/STM32F4xx_HAL_Driver/Src/stm32f4xx_hal.o
                0x0000000008007ab8                HAL_IncTick
 .text.HAL_GetTick
                0x0000000008007ae0       0x18 ./Drivers/STM32F4xx_HAL_Driver/Src/stm32f4xx_hal.o
                0x0000000008007ae0                HAL_GetTick
 .text.HAL_Delay
                0x0000000008007af8       0x48 ./Drivers/STM32F4xx_HAL_Driver/Src/stm32f4xx_hal.o
                0x0000000008007af8                HAL_Delay
 .text.HAL_ADC_Init
                0x0000000008007b40       0x86 ./Drivers/STM32F4xx_HAL_Driver/Src/stm32f4xx_hal_adc.o
                0x0000000008007b40                HAL_ADC_Init
 .text.HAL_ADC_IRQHandler
                0x0000000008007bc6      0x220 ./Drivers/STM32F4xx_HAL_Driver/Src/stm32f4xx_hal_adc.o
                0x0000000008007bc6                HAL_ADC_IRQHandler
 .text.HAL_ADC_ConvCpltCallback
                0x0000000008007de6       0x14 ./Drivers/STM32F4xx_HAL_Driver/Src/stm32f4xx_hal_adc.o
                0x0000000008007de6                HAL_ADC_ConvCpltCallback
 .text.HAL_ADC_LevelOutOfWindowCallback
                0x0000000008007dfa       0x14 ./Drivers/STM32F4xx_HAL_Driver/Src/stm32f4xx_hal_adc.o
                0x0000000008007dfa                HAL_ADC_LevelOutOfWindowCallback
 .text.HAL_ADC_ErrorCallback
                0x0000000008007e0e       0x14 ./Drivers/STM32F4xx_HAL_Driver/Src/stm32f4xx_hal_adc.o
                0x0000000008007e0e                HAL_ADC_ErrorCallback
 *fill*         0x0000000008007e22        0x2 
 .text.HAL_ADC_ConfigChannel
                0x0000000008007e24      0x244 ./Drivers/STM32F4xx_HAL_Driver/Src/stm32f4xx_hal_adc.o
                0x0000000008007e24                HAL_ADC_ConfigChannel
 .text.ADC_Init
                0x0000000008008068      0x1f8 ./Drivers/STM32F4xx_HAL_Driver/Src/stm32f4xx_hal_adc.o
 .text.HAL_ADCEx_InjectedConvCpltCallback
                0x0000000008008260       0x14 ./Drivers/STM32F4xx_HAL_Driver/Src/stm32f4xx_hal_adc_ex.o
                0x0000000008008260                HAL_ADCEx_InjectedConvCpltCallback
 .text.HAL_ADCEx_InjectedConfigChannel
                0x0000000008008274      0x32c ./Drivers/STM32F4xx_HAL_Driver/Src/stm32f4xx_hal_adc_ex.o
                0x0000000008008274                HAL_ADCEx_InjectedConfigChannel
 .text.__NVIC_SetPriorityGrouping
                0x00000000080085a0       0x48 ./Drivers/STM32F4xx_HAL_Driver/Src/stm32f4xx_hal_cortex.o
 .text.__NVIC_GetPriorityGrouping
                0x00000000080085e8       0x1c ./Drivers/STM32F4xx_HAL_Driver/Src/stm32f4xx_hal_cortex.o
 .text.__NVIC_EnableIRQ
                0x0000000008008604       0x3c ./Drivers/STM32F4xx_HAL_Driver/Src/stm32f4xx_hal_cortex.o
 .text.__NVIC_SetPriority
                0x0000000008008640       0x54 ./Drivers/STM32F4xx_HAL_Driver/Src/stm32f4xx_hal_cortex.o
 .text.NVIC_EncodePriority
                0x0000000008008694       0x66 ./Drivers/STM32F4xx_HAL_Driver/Src/stm32f4xx_hal_cortex.o
 *fill*         0x00000000080086fa        0x2 
 .text.SysTick_Config
                0x00000000080086fc       0x44 ./Drivers/STM32F4xx_HAL_Driver/Src/stm32f4xx_hal_cortex.o
 .text.HAL_NVIC_SetPriorityGrouping
                0x0000000008008740       0x16 ./Drivers/STM32F4xx_HAL_Driver/Src/stm32f4xx_hal_cortex.o
                0x0000000008008740                HAL_NVIC_SetPriorityGrouping
 .text.HAL_NVIC_SetPriority
                0x0000000008008756       0x38 ./Drivers/STM32F4xx_HAL_Driver/Src/stm32f4xx_hal_cortex.o
                0x0000000008008756                HAL_NVIC_SetPriority
 .text.HAL_NVIC_EnableIRQ
                0x000000000800878e       0x1c ./Drivers/STM32F4xx_HAL_Driver/Src/stm32f4xx_hal_cortex.o
                0x000000000800878e                HAL_NVIC_EnableIRQ
 .text.HAL_SYSTICK_Config
                0x00000000080087aa       0x18 ./Drivers/STM32F4xx_HAL_Driver/Src/stm32f4xx_hal_cortex.o
                0x00000000080087aa                HAL_SYSTICK_Config
 *fill*         0x00000000080087c2        0x2 
 .text.HAL_GPIO_Init
                0x00000000080087c4      0x338 ./Drivers/STM32F4xx_HAL_Driver/Src/stm32f4xx_hal_gpio.o
                0x00000000080087c4                HAL_GPIO_Init
 .text.HAL_GPIO_WritePin
                0x0000000008008afc       0x32 ./Drivers/STM32F4xx_HAL_Driver/Src/stm32f4xx_hal_gpio.o
                0x0000000008008afc                HAL_GPIO_WritePin
 *fill*         0x0000000008008b2e        0x2 
 .text.HAL_GPIO_EXTI_IRQHandler
                0x0000000008008b30       0x30 ./Drivers/STM32F4xx_HAL_Driver/Src/stm32f4xx_hal_gpio.o
                0x0000000008008b30                HAL_GPIO_EXTI_IRQHandler
 .text.HAL_RCC_OscConfig
                0x0000000008008b60      0x4f0 ./Drivers/STM32F4xx_HAL_Driver/Src/stm32f4xx_hal_rcc.o
                0x0000000008008b60                HAL_RCC_OscConfig
 .text.HAL_RCC_ClockConfig
                0x0000000008009050      0x1cc ./Drivers/STM32F4xx_HAL_Driver/Src/stm32f4xx_hal_rcc.o
                0x0000000008009050                HAL_RCC_ClockConfig
 .text.HAL_RCC_GetSysClockFreq
                0x000000000800921c      0x18c ./Drivers/STM32F4xx_HAL_Driver/Src/stm32f4xx_hal_rcc.o
                0x000000000800921c                HAL_RCC_GetSysClockFreq
 .text.HAL_RCC_GetHCLKFreq
                0x00000000080093a8       0x18 ./Drivers/STM32F4xx_HAL_Driver/Src/stm32f4xx_hal_rcc.o
                0x00000000080093a8                HAL_RCC_GetHCLKFreq
 .text.HAL_RCC_GetPCLK1Freq
                0x00000000080093c0       0x28 ./Drivers/STM32F4xx_HAL_Driver/Src/stm32f4xx_hal_rcc.o
                0x00000000080093c0                HAL_RCC_GetPCLK1Freq
 .text.HAL_RCC_GetPCLK2Freq
                0x00000000080093e8       0x28 ./Drivers/STM32F4xx_HAL_Driver/Src/stm32f4xx_hal_rcc.o
                0x00000000080093e8                HAL_RCC_GetPCLK2Freq
 .text.HAL_SPI_Init
                0x0000000008009410      0x112 ./Drivers/STM32F4xx_HAL_Driver/Src/stm32f4xx_hal_spi.o
                0x0000000008009410                HAL_SPI_Init
 .text.HAL_SPI_Transmit
                0x0000000008009522      0x286 ./Drivers/STM32F4xx_HAL_Driver/Src/stm32f4xx_hal_spi.o
                0x0000000008009522                HAL_SPI_Transmit
 .text.HAL_SPI_Receive
                0x00000000080097a8      0x230 ./Drivers/STM32F4xx_HAL_Driver/Src/stm32f4xx_hal_spi.o
                0x00000000080097a8                HAL_SPI_Receive
 .text.HAL_SPI_TransmitReceive
                0x00000000080099d8      0x360 ./Drivers/STM32F4xx_HAL_Driver/Src/stm32f4xx_hal_spi.o
                0x00000000080099d8                HAL_SPI_TransmitReceive
 .text.SPI_WaitFlagStateUntilTimeout
                0x0000000008009d38      0x110 ./Drivers/STM32F4xx_HAL_Driver/Src/stm32f4xx_hal_spi.o
 .text.SPI_EndRxTransaction
                0x0000000008009e48       0xca ./Drivers/STM32F4xx_HAL_Driver/Src/stm32f4xx_hal_spi.o
 *fill*         0x0000000008009f12        0x2 
 .text.SPI_EndRxTxTransaction
                0x0000000008009f14       0xa8 ./Drivers/STM32F4xx_HAL_Driver/Src/stm32f4xx_hal_spi.o
 .text.HAL_UART_Init
                0x0000000008009fbc       0xa0 ./Drivers/STM32F4xx_HAL_Driver/Src/stm32f4xx_hal_uart.o
                0x0000000008009fbc                HAL_UART_Init
 .text.HAL_UART_Transmit
                0x000000000800a05c      0x116 ./Drivers/STM32F4xx_HAL_Driver/Src/stm32f4xx_hal_uart.o
                0x000000000800a05c                HAL_UART_Transmit
 .text.UART_WaitOnFlagUntilTimeout
                0x000000000800a172       0xb2 ./Drivers/STM32F4xx_HAL_Driver/Src/stm32f4xx_hal_uart.o
 .text.UART_EndRxTransfer
                0x000000000800a224       0xc6 ./Drivers/STM32F4xx_HAL_Driver/Src/stm32f4xx_hal_uart.o
 *fill*         0x000000000800a2ea        0x2 
 .text.UART_SetConfig
                0x000000000800a2ec      0x4e8 ./Drivers/STM32F4xx_HAL_Driver/Src/stm32f4xx_hal_uart.o
 .text._ZNSaIcEC2Ev
                0x000000000800a7d4        0x2 C:/ST/STM32CubeIDE_1.14.0/STM32CubeIDE/plugins/com.st.stm32cube.ide.mcu.externaltools.gnu-tools-for-stm32.11.3.rel1.win32_1.1.100.202309141235/tools/bin/../lib/gcc/arm-none-eabi/11.3.1/../../../../arm-none-eabi/lib/thumb/v7e-m+fp/hard\libstdc++_nano.a(allocator-inst.o)
                0x000000000800a7d4                std::allocator<char>::allocator()
                0x000000000800a7d4                std::allocator<char>::allocator()
 .text._ZNSaIcED2Ev
                0x000000000800a7d6        0x2 C:/ST/STM32CubeIDE_1.14.0/STM32CubeIDE/plugins/com.st.stm32cube.ide.mcu.externaltools.gnu-tools-for-stm32.11.3.rel1.win32_1.1.100.202309141235/tools/bin/../lib/gcc/arm-none-eabi/11.3.1/../../../../arm-none-eabi/lib/thumb/v7e-m+fp/hard\libstdc++_nano.a(allocator-inst.o)
                0x000000000800a7d6                std::allocator<char>::~allocator()
                0x000000000800a7d6                std::allocator<char>::~allocator()
 .text._ZNSt11char_traitsIcE4copyEPcPKcj.isra.0
                0x000000000800a7d8        0x8 C:/ST/STM32CubeIDE_1.14.0/STM32CubeIDE/plugins/com.st.stm32cube.ide.mcu.externaltools.gnu-tools-for-stm32.11.3.rel1.win32_1.1.100.202309141235/tools/bin/../lib/gcc/arm-none-eabi/11.3.1/../../../../arm-none-eabi/lib/thumb/v7e-m+fp/hard\libstdc++_nano.a(string-inst.o)
 .text._ZNSt7__cxx1112basic_stringIcSt11char_traitsIcESaIcEE9_M_createERjj
                0x000000000800a7e0       0x44 C:/ST/STM32CubeIDE_1.14.0/STM32CubeIDE/plugins/com.st.stm32cube.ide.mcu.externaltools.gnu-tools-for-stm32.11.3.rel1.win32_1.1.100.202309141235/tools/bin/../lib/gcc/arm-none-eabi/11.3.1/../../../../arm-none-eabi/lib/thumb/v7e-m+fp/hard\libstdc++_nano.a(string-inst.o)
                0x000000000800a7e0                std::__cxx11::basic_string<char, std::char_traits<char>, std::allocator<char> >::_M_create(unsigned int&, unsigned int)
 .text._ZNSt7__cxx1112basic_stringIcSt11char_traitsIcESaIcEE10_M_disposeEv
                0x000000000800a824       0x10 C:/ST/STM32CubeIDE_1.14.0/STM32CubeIDE/plugins/com.st.stm32cube.ide.mcu.externaltools.gnu-tools-for-stm32.11.3.rel1.win32_1.1.100.202309141235/tools/bin/../lib/gcc/arm-none-eabi/11.3.1/../../../../arm-none-eabi/lib/thumb/v7e-m+fp/hard\libstdc++_nano.a(string-inst.o)
                0x000000000800a824                std::__cxx11::basic_string<char, std::char_traits<char>, std::allocator<char> >::_M_dispose()
 .text._ZNSt7__cxx1112basic_stringIcSt11char_traitsIcESaIcEE7_S_copyEPcPKcj
                0x000000000800a834       0x18 C:/ST/STM32CubeIDE_1.14.0/STM32CubeIDE/plugins/com.st.stm32cube.ide.mcu.externaltools.gnu-tools-for-stm32.11.3.rel1.win32_1.1.100.202309141235/tools/bin/../lib/gcc/arm-none-eabi/11.3.1/../../../../arm-none-eabi/lib/thumb/v7e-m+fp/hard\libstdc++_nano.a(string-inst.o)
                0x000000000800a834                std::__cxx11::basic_string<char, std::char_traits<char>, std::allocator<char> >::_S_copy(char*, char const*, unsigned int)
 .text._ZNSt7__cxx1112basic_stringIcSt11char_traitsIcESaIcEE13_S_copy_charsEPcS5_S5_
                0x000000000800a84c        0xa C:/ST/STM32CubeIDE_1.14.0/STM32CubeIDE/plugins/com.st.stm32cube.ide.mcu.externaltools.gnu-tools-for-stm32.11.3.rel1.win32_1.1.100.202309141235/tools/bin/../lib/gcc/arm-none-eabi/11.3.1/../../../../arm-none-eabi/lib/thumb/v7e-m+fp/hard\libstdc++_nano.a(string-inst.o)
                0x000000000800a84c                std::__cxx11::basic_string<char, std::char_traits<char>, std::allocator<char> >::_S_copy_chars(char*, char*, char*)
 .text._ZNSt7__cxx1112basic_stringIcSt11char_traitsIcESaIcEE13_S_copy_charsEPcPKcS7_
                0x000000000800a856        0xa C:/ST/STM32CubeIDE_1.14.0/STM32CubeIDE/plugins/com.st.stm32cube.ide.mcu.externaltools.gnu-tools-for-stm32.11.3.rel1.win32_1.1.100.202309141235/tools/bin/../lib/gcc/arm-none-eabi/11.3.1/../../../../arm-none-eabi/lib/thumb/v7e-m+fp/hard\libstdc++_nano.a(string-inst.o)
                0x000000000800a856                std::__cxx11::basic_string<char, std::char_traits<char>, std::allocator<char> >::_S_copy_chars(char*, char const*, char const*)
 .text._ZNSt7__cxx1112basic_stringIcSt11char_traitsIcESaIcEE9_M_assignERKS4_
                0x000000000800a860       0x4c C:/ST/STM32CubeIDE_1.14.0/STM32CubeIDE/plugins/com.st.stm32cube.ide.mcu.externaltools.gnu-tools-for-stm32.11.3.rel1.win32_1.1.100.202309141235/tools/bin/../lib/gcc/arm-none-eabi/11.3.1/../../../../arm-none-eabi/lib/thumb/v7e-m+fp/hard\libstdc++_nano.a(string-inst.o)
                0x000000000800a860                std::__cxx11::basic_string<char, std::char_traits<char>, std::allocator<char> >::_M_assign(std::__cxx11::basic_string<char, std::char_traits<char>, std::allocator<char> > const&)
 .text._ZNSt7__cxx1112basic_stringIcSt11char_traitsIcESaIcEEC2Ev
                0x000000000800a8ac        0xe C:/ST/STM32CubeIDE_1.14.0/STM32CubeIDE/plugins/com.st.stm32cube.ide.mcu.externaltools.gnu-tools-for-stm32.11.3.rel1.win32_1.1.100.202309141235/tools/bin/../lib/gcc/arm-none-eabi/11.3.1/../../../../arm-none-eabi/lib/thumb/v7e-m+fp/hard\libstdc++_nano.a(string-inst.o)
                0x000000000800a8ac                std::__cxx11::basic_string<char, std::char_traits<char>, std::allocator<char> >::basic_string()
                0x000000000800a8ac                std::__cxx11::basic_string<char, std::char_traits<char>, std::allocator<char> >::basic_string()
 .text._ZNSt7__cxx1112basic_stringIcSt11char_traitsIcESaIcEED2Ev
                0x000000000800a8ba        0xc C:/ST/STM32CubeIDE_1.14.0/STM32CubeIDE/plugins/com.st.stm32cube.ide.mcu.externaltools.gnu-tools-for-stm32.11.3.rel1.win32_1.1.100.202309141235/tools/bin/../lib/gcc/arm-none-eabi/11.3.1/../../../../arm-none-eabi/lib/thumb/v7e-m+fp/hard\libstdc++_nano.a(string-inst.o)
                0x000000000800a8ba                std::__cxx11::basic_string<char, std::char_traits<char>, std::allocator<char> >::~basic_string()
                0x000000000800a8ba                std::__cxx11::basic_string<char, std::char_traits<char>, std::allocator<char> >::~basic_string()
 .text._ZNSt7__cxx1112basic_stringIcSt11char_traitsIcESaIcEEaSERKS4_
                0x000000000800a8c6        0xc C:/ST/STM32CubeIDE_1.14.0/STM32CubeIDE/plugins/com.st.stm32cube.ide.mcu.externaltools.gnu-tools-for-stm32.11.3.rel1.win32_1.1.100.202309141235/tools/bin/../lib/gcc/arm-none-eabi/11.3.1/../../../../arm-none-eabi/lib/thumb/v7e-m+fp/hard\libstdc++_nano.a(string-inst.o)
                0x000000000800a8c6                std::__cxx11::basic_string<char, std::char_traits<char>, std::allocator<char> >::operator=(std::__cxx11::basic_string<char, std::char_traits<char>, std::allocator<char> > const&)
 .text._ZNKSt7__cxx1112basic_stringIcSt11char_traitsIcESaIcEE5c_strEv
                0x000000000800a8d2        0x4 C:/ST/STM32CubeIDE_1.14.0/STM32CubeIDE/plugins/com.st.stm32cube.ide.mcu.externaltools.gnu-tools-for-stm32.11.3.rel1.win32_1.1.100.202309141235/tools/bin/../lib/gcc/arm-none-eabi/11.3.1/../../../../arm-none-eabi/lib/thumb/v7e-m+fp/hard\libstdc++_nano.a(string-inst.o)
                0x000000000800a8d2                std::__cxx11::basic_string<char, std::char_traits<char>, std::allocator<char> >::c_str() const
 *fill*         0x000000000800a8d6        0x2 
 .text._ZNSt7__cxx1112basic_stringIcSt11char_traitsIcESaIcEE12_M_constructIPcEEvT_S7_St20forward_iterator_tag
                0x000000000800a8d8       0x48 C:/ST/STM32CubeIDE_1.14.0/STM32CubeIDE/plugins/com.st.stm32cube.ide.mcu.externaltools.gnu-tools-for-stm32.11.3.rel1.win32_1.1.100.202309141235/tools/bin/../lib/gcc/arm-none-eabi/11.3.1/../../../../arm-none-eabi/lib/thumb/v7e-m+fp/hard\libstdc++_nano.a(string-inst.o)
                0x000000000800a8d8                void std::__cxx11::basic_string<char, std::char_traits<char>, std::allocator<char> >::_M_construct<char*>(char*, char*, std::forward_iterator_tag)
 .text._ZNSt7__cxx1112basic_stringIcSt11char_traitsIcESaIcEEC2ERKS4_
                0x000000000800a920       0x1e C:/ST/STM32CubeIDE_1.14.0/STM32CubeIDE/plugins/com.st.stm32cube.ide.mcu.externaltools.gnu-tools-for-stm32.11.3.rel1.win32_1.1.100.202309141235/tools/bin/../lib/gcc/arm-none-eabi/11.3.1/../../../../arm-none-eabi/lib/thumb/v7e-m+fp/hard\libstdc++_nano.a(string-inst.o)
                0x000000000800a920                std::__cxx11::basic_string<char, std::char_traits<char>, std::allocator<char> >::basic_string(std::__cxx11::basic_string<char, std::char_traits<char>, std::allocator<char> > const&)
                0x000000000800a920                std::__cxx11::basic_string<char, std::char_traits<char>, std::allocator<char> >::basic_string(std::__cxx11::basic_string<char, std::char_traits<char>, std::allocator<char> > const&)
 *fill*         0x000000000800a93e        0x2 
 .text._ZNSt7__cxx1112basic_stringIcSt11char_traitsIcESaIcEE12_M_constructIPKcEEvT_S8_St20forward_iterator_tag
                0x000000000800a940       0x48 C:/ST/STM32CubeIDE_1.14.0/STM32CubeIDE/plugins/com.st.stm32cube.ide.mcu.externaltools.gnu-tools-for-stm32.11.3.rel1.win32_1.1.100.202309141235/tools/bin/../lib/gcc/arm-none-eabi/11.3.1/../../../../arm-none-eabi/lib/thumb/v7e-m+fp/hard\libstdc++_nano.a(string-inst.o)
                0x000000000800a940                void std::__cxx11::basic_string<char, std::char_traits<char>, std::allocator<char> >::_M_construct<char const*>(char const*, char const*, std::forward_iterator_tag)
 .text._ZNSt7__cxx1112basic_stringIcSt11char_traitsIcESaIcEEC2EPKcRKS3_
                0x000000000800a988       0x2a C:/ST/STM32CubeIDE_1.14.0/STM32CubeIDE/plugins/com.st.stm32cube.ide.mcu.externaltools.gnu-tools-for-stm32.11.3.rel1.win32_1.1.100.202309141235/tools/bin/../lib/gcc/arm-none-eabi/11.3.1/../../../../arm-none-eabi/lib/thumb/v7e-m+fp/hard\libstdc++_nano.a(string-inst.o)
                0x000000000800a988                std::__cxx11::basic_string<char, std::char_traits<char>, std::allocator<char> >::basic_string(char const*, std::allocator<char> const&)
                0x000000000800a988                std::__cxx11::basic_string<char, std::char_traits<char>, std::allocator<char> >::basic_string(char const*, std::allocator<char> const&)
 .text._ZdlPv   0x000000000800a9b2        0x4 C:/ST/STM32CubeIDE_1.14.0/STM32CubeIDE/plugins/com.st.stm32cube.ide.mcu.externaltools.gnu-tools-for-stm32.11.3.rel1.win32_1.1.100.202309141235/tools/bin/../lib/gcc/arm-none-eabi/11.3.1/../../../../arm-none-eabi/lib/thumb/v7e-m+fp/hard\libstdc++_nano.a(del_op.o)
                0x000000000800a9b2                operator delete(void*)
 .text._Znwj    0x000000000800a9b6       0x22 C:/ST/STM32CubeIDE_1.14.0/STM32CubeIDE/plugins/com.st.stm32cube.ide.mcu.externaltools.gnu-tools-for-stm32.11.3.rel1.win32_1.1.100.202309141235/tools/bin/../lib/gcc/arm-none-eabi/11.3.1/../../../../arm-none-eabi/lib/thumb/v7e-m+fp/hard\libstdc++_nano.a(new_op.o)
                0x000000000800a9b6                operator new(unsigned int)
 .text.unlikely._ZSt17__throw_bad_allocv
                0x000000000800a9d8        0x6 C:/ST/STM32CubeIDE_1.14.0/STM32CubeIDE/plugins/com.st.stm32cube.ide.mcu.externaltools.gnu-tools-for-stm32.11.3.rel1.win32_1.1.100.202309141235/tools/bin/../lib/gcc/arm-none-eabi/11.3.1/../../../../arm-none-eabi/lib/thumb/v7e-m+fp/hard\libstdc++_nano.a(functexcept.o)
                0x000000000800a9d8                std::__throw_bad_alloc()
 .text.unlikely._ZSt19__throw_logic_errorPKc
                0x000000000800a9de        0x6 C:/ST/STM32CubeIDE_1.14.0/STM32CubeIDE/plugins/com.st.stm32cube.ide.mcu.externaltools.gnu-tools-for-stm32.11.3.rel1.win32_1.1.100.202309141235/tools/bin/../lib/gcc/arm-none-eabi/11.3.1/../../../../arm-none-eabi/lib/thumb/v7e-m+fp/hard\libstdc++_nano.a(functexcept.o)
                0x000000000800a9de                std::__throw_logic_error(char const*)
 .text.unlikely._ZSt20__throw_length_errorPKc
                0x000000000800a9e4        0x6 C:/ST/STM32CubeIDE_1.14.0/STM32CubeIDE/plugins/com.st.stm32cube.ide.mcu.externaltools.gnu-tools-for-stm32.11.3.rel1.win32_1.1.100.202309141235/tools/bin/../lib/gcc/arm-none-eabi/11.3.1/../../../../arm-none-eabi/lib/thumb/v7e-m+fp/hard\libstdc++_nano.a(functexcept.o)
                0x000000000800a9e4                std::__throw_length_error(char const*)
 *fill*         0x000000000800a9ea        0x2 
 .text._ZSt15get_new_handlerv
                0x000000000800a9ec       0x10 C:/ST/STM32CubeIDE_1.14.0/STM32CubeIDE/plugins/com.st.stm32cube.ide.mcu.externaltools.gnu-tools-for-stm32.11.3.rel1.win32_1.1.100.202309141235/tools/bin/../lib/gcc/arm-none-eabi/11.3.1/../../../../arm-none-eabi/lib/thumb/v7e-m+fp/hard\libstdc++_nano.a(new_handler.o)
                0x000000000800a9ec                std::get_new_handler()
 .text.abort    0x000000000800a9fc        0xe C:/ST/STM32CubeIDE_1.14.0/STM32CubeIDE/plugins/com.st.stm32cube.ide.mcu.externaltools.gnu-tools-for-stm32.11.3.rel1.win32_1.1.100.202309141235/tools/bin/../lib/gcc/arm-none-eabi/11.3.1/../../../../arm-none-eabi/lib/thumb/v7e-m+fp/hard\libc_nano.a(libc_a-abort.o)
                0x000000000800a9fc                abort
 *fill*         0x000000000800aa0a        0x2 
 .text.malloc   0x000000000800aa0c       0x10 C:/ST/STM32CubeIDE_1.14.0/STM32CubeIDE/plugins/com.st.stm32cube.ide.mcu.externaltools.gnu-tools-for-stm32.11.3.rel1.win32_1.1.100.202309141235/tools/bin/../lib/gcc/arm-none-eabi/11.3.1/../../../../arm-none-eabi/lib/thumb/v7e-m+fp/hard\libc_nano.a(libc_a-malloc.o)
                0x000000000800aa0c                malloc
 .text.free     0x000000000800aa1c       0x10 C:/ST/STM32CubeIDE_1.14.0/STM32CubeIDE/plugins/com.st.stm32cube.ide.mcu.externaltools.gnu-tools-for-stm32.11.3.rel1.win32_1.1.100.202309141235/tools/bin/../lib/gcc/arm-none-eabi/11.3.1/../../../../arm-none-eabi/lib/thumb/v7e-m+fp/hard\libc_nano.a(libc_a-malloc.o)
                0x000000000800aa1c                free
 .text.sbrk_aligned
                0x000000000800aa2c       0x40 C:/ST/STM32CubeIDE_1.14.0/STM32CubeIDE/plugins/com.st.stm32cube.ide.mcu.externaltools.gnu-tools-for-stm32.11.3.rel1.win32_1.1.100.202309141235/tools/bin/../lib/gcc/arm-none-eabi/11.3.1/../../../../arm-none-eabi/lib/thumb/v7e-m+fp/hard\libc_nano.a(libc_a-mallocr.o)
 .text._malloc_r
                0x000000000800aa6c      0x100 C:/ST/STM32CubeIDE_1.14.0/STM32CubeIDE/plugins/com.st.stm32cube.ide.mcu.externaltools.gnu-tools-for-stm32.11.3.rel1.win32_1.1.100.202309141235/tools/bin/../lib/gcc/arm-none-eabi/11.3.1/../../../../arm-none-eabi/lib/thumb/v7e-m+fp/hard\libc_nano.a(libc_a-mallocr.o)
                0x000000000800aa6c                _malloc_r
 .text.__malloc_lock
                0x000000000800ab6c        0xc C:/ST/STM32CubeIDE_1.14.0/STM32CubeIDE/plugins/com.st.stm32cube.ide.mcu.externaltools.gnu-tools-for-stm32.11.3.rel1.win32_1.1.100.202309141235/tools/bin/../lib/gcc/arm-none-eabi/11.3.1/../../../../arm-none-eabi/lib/thumb/v7e-m+fp/hard\libc_nano.a(libc_a-mlock.o)
                0x000000000800ab6c                __malloc_lock
 .text.__malloc_unlock
                0x000000000800ab78        0xc C:/ST/STM32CubeIDE_1.14.0/STM32CubeIDE/plugins/com.st.stm32cube.ide.mcu.externaltools.gnu-tools-for-stm32.11.3.rel1.win32_1.1.100.202309141235/tools/bin/../lib/gcc/arm-none-eabi/11.3.1/../../../../arm-none-eabi/lib/thumb/v7e-m+fp/hard\libc_nano.a(libc_a-mlock.o)
                0x000000000800ab78                __malloc_unlock
 .text._realloc_r
                0x000000000800ab84       0x5e C:/ST/STM32CubeIDE_1.14.0/STM32CubeIDE/plugins/com.st.stm32cube.ide.mcu.externaltools.gnu-tools-for-stm32.11.3.rel1.win32_1.1.100.202309141235/tools/bin/../lib/gcc/arm-none-eabi/11.3.1/../../../../arm-none-eabi/lib/thumb/v7e-m+fp/hard\libc_nano.a(libc_a-reallocr.o)
                0x000000000800ab84                _realloc_r
 .text._vsnprintf_r
                0x000000000800abe2       0x56 C:/ST/STM32CubeIDE_1.14.0/STM32CubeIDE/plugins/com.st.stm32cube.ide.mcu.externaltools.gnu-tools-for-stm32.11.3.rel1.win32_1.1.100.202309141235/tools/bin/../lib/gcc/arm-none-eabi/11.3.1/../../../../arm-none-eabi/lib/thumb/v7e-m+fp/hard\libc_nano.a(libc_a-vsnprintf.o)
                0x000000000800abe2                _vsniprintf_r
                0x000000000800abe2                _vsnprintf_r
 .text.vsnprintf
                0x000000000800ac38       0x1c C:/ST/STM32CubeIDE_1.14.0/STM32CubeIDE/plugins/com.st.stm32cube.ide.mcu.externaltools.gnu-tools-for-stm32.11.3.rel1.win32_1.1.100.202309141235/tools/bin/../lib/gcc/arm-none-eabi/11.3.1/../../../../arm-none-eabi/lib/thumb/v7e-m+fp/hard\libc_nano.a(libc_a-vsnprintf.o)
                0x000000000800ac38                vsniprintf
                0x000000000800ac38                vsnprintf
 .text.memmove  0x000000000800ac54       0x34 C:/ST/STM32CubeIDE_1.14.0/STM32CubeIDE/plugins/com.st.stm32cube.ide.mcu.externaltools.gnu-tools-for-stm32.11.3.rel1.win32_1.1.100.202309141235/tools/bin/../lib/gcc/arm-none-eabi/11.3.1/../../../../arm-none-eabi/lib/thumb/v7e-m+fp/hard\libc_nano.a(libc_a-memmove.o)
                0x000000000800ac54                memmove
 .text.memset   0x000000000800ac88       0x10 C:/ST/STM32CubeIDE_1.14.0/STM32CubeIDE/plugins/com.st.stm32cube.ide.mcu.externaltools.gnu-tools-for-stm32.11.3.rel1.win32_1.1.100.202309141235/tools/bin/../lib/gcc/arm-none-eabi/11.3.1/../../../../arm-none-eabi/lib/thumb/v7e-m+fp/hard\libc_nano.a(libc_a-memset.o)
                0x000000000800ac88                memset
 .text.strncmp  0x000000000800ac98       0x24 C:/ST/STM32CubeIDE_1.14.0/STM32CubeIDE/plugins/com.st.stm32cube.ide.mcu.externaltools.gnu-tools-for-stm32.11.3.rel1.win32_1.1.100.202309141235/tools/bin/../lib/gcc/arm-none-eabi/11.3.1/../../../../arm-none-eabi/lib/thumb/v7e-m+fp/hard\libc_nano.a(libc_a-strncmp.o)
                0x000000000800ac98                strncmp
 .text._raise_r
                0x000000000800acbc       0x50 C:/ST/STM32CubeIDE_1.14.0/STM32CubeIDE/plugins/com.st.stm32cube.ide.mcu.externaltools.gnu-tools-for-stm32.11.3.rel1.win32_1.1.100.202309141235/tools/bin/../lib/gcc/arm-none-eabi/11.3.1/../../../../arm-none-eabi/lib/thumb/v7e-m+fp/hard\libc_nano.a(libc_a-signal.o)
                0x000000000800acbc                _raise_r
 .text.raise    0x000000000800ad0c       0x10 C:/ST/STM32CubeIDE_1.14.0/STM32CubeIDE/plugins/com.st.stm32cube.ide.mcu.externaltools.gnu-tools-for-stm32.11.3.rel1.win32_1.1.100.202309141235/tools/bin/../lib/gcc/arm-none-eabi/11.3.1/../../../../arm-none-eabi/lib/thumb/v7e-m+fp/hard\libc_nano.a(libc_a-signal.o)
                0x000000000800ad0c                raise
 .text._kill_r  0x000000000800ad1c       0x24 C:/ST/STM32CubeIDE_1.14.0/STM32CubeIDE/plugins/com.st.stm32cube.ide.mcu.externaltools.gnu-tools-for-stm32.11.3.rel1.win32_1.1.100.202309141235/tools/bin/../lib/gcc/arm-none-eabi/11.3.1/../../../../arm-none-eabi/lib/thumb/v7e-m+fp/hard\libc_nano.a(libc_a-signalr.o)
                0x000000000800ad1c                _kill_r
 .text._getpid_r
                0x000000000800ad40        0x4 C:/ST/STM32CubeIDE_1.14.0/STM32CubeIDE/plugins/com.st.stm32cube.ide.mcu.externaltools.gnu-tools-for-stm32.11.3.rel1.win32_1.1.100.202309141235/tools/bin/../lib/gcc/arm-none-eabi/11.3.1/../../../../arm-none-eabi/lib/thumb/v7e-m+fp/hard\libc_nano.a(libc_a-signalr.o)
                0x000000000800ad40                _getpid_r
 .text._sbrk_r  0x000000000800ad44       0x20 C:/ST/STM32CubeIDE_1.14.0/STM32CubeIDE/plugins/com.st.stm32cube.ide.mcu.externaltools.gnu-tools-for-stm32.11.3.rel1.win32_1.1.100.202309141235/tools/bin/../lib/gcc/arm-none-eabi/11.3.1/../../../../arm-none-eabi/lib/thumb/v7e-m+fp/hard\libc_nano.a(libc_a-sbrkr.o)
                0x000000000800ad44                _sbrk_r
 .text.__errno  0x000000000800ad64        0xc C:/ST/STM32CubeIDE_1.14.0/STM32CubeIDE/plugins/com.st.stm32cube.ide.mcu.externaltools.gnu-tools-for-stm32.11.3.rel1.win32_1.1.100.202309141235/tools/bin/../lib/gcc/arm-none-eabi/11.3.1/../../../../arm-none-eabi/lib/thumb/v7e-m+fp/hard\libc_nano.a(libc_a-errno.o)
                0x000000000800ad64                __errno
 .text.__libc_init_array
                0x000000000800ad70       0x48 C:/ST/STM32CubeIDE_1.14.0/STM32CubeIDE/plugins/com.st.stm32cube.ide.mcu.externaltools.gnu-tools-for-stm32.11.3.rel1.win32_1.1.100.202309141235/tools/bin/../lib/gcc/arm-none-eabi/11.3.1/../../../../arm-none-eabi/lib/thumb/v7e-m+fp/hard\libc_nano.a(libc_a-init.o)
                0x000000000800ad70                __libc_init_array
 .text.__retarget_lock_acquire_recursive
                0x000000000800adb8        0x2 C:/ST/STM32CubeIDE_1.14.0/STM32CubeIDE/plugins/com.st.stm32cube.ide.mcu.externaltools.gnu-tools-for-stm32.11.3.rel1.win32_1.1.100.202309141235/tools/bin/../lib/gcc/arm-none-eabi/11.3.1/../../../../arm-none-eabi/lib/thumb/v7e-m+fp/hard\libc_nano.a(libc_a-lock.o)
                0x000000000800adb8                __retarget_lock_acquire_recursive
 .text.__retarget_lock_release_recursive
                0x000000000800adba        0x2 C:/ST/STM32CubeIDE_1.14.0/STM32CubeIDE/plugins/com.st.stm32cube.ide.mcu.externaltools.gnu-tools-for-stm32.11.3.rel1.win32_1.1.100.202309141235/tools/bin/../lib/gcc/arm-none-eabi/11.3.1/../../../../arm-none-eabi/lib/thumb/v7e-m+fp/hard\libc_nano.a(libc_a-lock.o)
                0x000000000800adba                __retarget_lock_release_recursive
 .text.memcpy   0x000000000800adbc       0x1c C:/ST/STM32CubeIDE_1.14.0/STM32CubeIDE/plugins/com.st.stm32cube.ide.mcu.externaltools.gnu-tools-for-stm32.11.3.rel1.win32_1.1.100.202309141235/tools/bin/../lib/gcc/arm-none-eabi/11.3.1/../../../../arm-none-eabi/lib/thumb/v7e-m+fp/hard\libc_nano.a(libc_a-memcpy-stub.o)
                0x000000000800adbc                memcpy
 .text._free_r  0x000000000800add8       0x98 C:/ST/STM32CubeIDE_1.14.0/STM32CubeIDE/plugins/com.st.stm32cube.ide.mcu.externaltools.gnu-tools-for-stm32.11.3.rel1.win32_1.1.100.202309141235/tools/bin/../lib/gcc/arm-none-eabi/11.3.1/../../../../arm-none-eabi/lib/thumb/v7e-m+fp/hard\libc_nano.a(libc_a-freer.o)
                0x000000000800add8                _free_r
 .text._malloc_usable_size_r
                0x000000000800ae70       0x10 C:/ST/STM32CubeIDE_1.14.0/STM32CubeIDE/plugins/com.st.stm32cube.ide.mcu.externaltools.gnu-tools-for-stm32.11.3.rel1.win32_1.1.100.202309141235/tools/bin/../lib/gcc/arm-none-eabi/11.3.1/../../../../arm-none-eabi/lib/thumb/v7e-m+fp/hard\libc_nano.a(libc_a-msizer.o)
                0x000000000800ae70                _malloc_usable_size_r
 .text.__ssputs_r
                0x000000000800ae80       0xb4 C:/ST/STM32CubeIDE_1.14.0/STM32CubeIDE/plugins/com.st.stm32cube.ide.mcu.externaltools.gnu-tools-for-stm32.11.3.rel1.win32_1.1.100.202309141235/tools/bin/../lib/gcc/arm-none-eabi/11.3.1/../../../../arm-none-eabi/lib/thumb/v7e-m+fp/hard\libc_nano.a(libc_a-nano-svfprintf.o)
                0x000000000800ae80                __ssputs_r
 .text._svfprintf_r
                0x000000000800af34      0x1fc C:/ST/STM32CubeIDE_1.14.0/STM32CubeIDE/plugins/com.st.stm32cube.ide.mcu.externaltools.gnu-tools-for-stm32.11.3.rel1.win32_1.1.100.202309141235/tools/bin/../lib/gcc/arm-none-eabi/11.3.1/../../../../arm-none-eabi/lib/thumb/v7e-m+fp/hard\libc_nano.a(libc_a-nano-svfprintf.o)
                0x000000000800af34                _svfiprintf_r
                0x000000000800af34                _svfprintf_r
 .text._printf_common
                0x000000000800b130       0xda C:/ST/STM32CubeIDE_1.14.0/STM32CubeIDE/plugins/com.st.stm32cube.ide.mcu.externaltools.gnu-tools-for-stm32.11.3.rel1.win32_1.1.100.202309141235/tools/bin/../lib/gcc/arm-none-eabi/11.3.1/../../../../arm-none-eabi/lib/thumb/v7e-m+fp/hard\libc_nano.a(libc_a-nano-vfprintf_i.o)
                0x000000000800b130                _printf_common
 *fill*         0x000000000800b20a        0x2 
 .text._printf_i
                0x000000000800b20c      0x244 C:/ST/STM32CubeIDE_1.14.0/STM32CubeIDE/plugins/com.st.stm32cube.ide.mcu.externaltools.gnu-tools-for-stm32.11.3.rel1.win32_1.1.100.202309141235/tools/bin/../lib/gcc/arm-none-eabi/11.3.1/../../../../arm-none-eabi/lib/thumb/v7e-m+fp/hard\libc_nano.a(libc_a-nano-vfprintf_i.o)
                0x000000000800b20c                _printf_i
 *(.glue_7)
 .glue_7        0x000000000800b450        0x0 linker stubs
 *(.glue_7t)
 .glue_7t       0x000000000800b450        0x0 linker stubs
 *(.eh_frame)
 .eh_frame      0x000000000800b450        0x0 C:/ST/STM32CubeIDE_1.14.0/STM32CubeIDE/plugins/com.st.stm32cube.ide.mcu.externaltools.gnu-tools-for-stm32.11.3.rel1.win32_1.1.100.202309141235/tools/bin/../lib/gcc/arm-none-eabi/11.3.1/thumb/v7e-m+fp/hard/crtbegin.o
 *(.init)
 .init          0x000000000800b450        0x4 C:/ST/STM32CubeIDE_1.14.0/STM32CubeIDE/plugins/com.st.stm32cube.ide.mcu.externaltools.gnu-tools-for-stm32.11.3.rel1.win32_1.1.100.202309141235/tools/bin/../lib/gcc/arm-none-eabi/11.3.1/thumb/v7e-m+fp/hard/crti.o
                0x000000000800b450                _init
 .init          0x000000000800b454        0x8 C:/ST/STM32CubeIDE_1.14.0/STM32CubeIDE/plugins/com.st.stm32cube.ide.mcu.externaltools.gnu-tools-for-stm32.11.3.rel1.win32_1.1.100.202309141235/tools/bin/../lib/gcc/arm-none-eabi/11.3.1/thumb/v7e-m+fp/hard/crtn.o
 *(.fini)
 .fini          0x000000000800b45c        0x4 C:/ST/STM32CubeIDE_1.14.0/STM32CubeIDE/plugins/com.st.stm32cube.ide.mcu.externaltools.gnu-tools-for-stm32.11.3.rel1.win32_1.1.100.202309141235/tools/bin/../lib/gcc/arm-none-eabi/11.3.1/thumb/v7e-m+fp/hard/crti.o
                0x000000000800b45c                _fini
 .fini          0x000000000800b460        0x8 C:/ST/STM32CubeIDE_1.14.0/STM32CubeIDE/plugins/com.st.stm32cube.ide.mcu.externaltools.gnu-tools-for-stm32.11.3.rel1.win32_1.1.100.202309141235/tools/bin/../lib/gcc/arm-none-eabi/11.3.1/thumb/v7e-m+fp/hard/crtn.o
                0x000000000800b468                . = ALIGN (0x4)
                0x000000000800b468                _etext = .

.vfp11_veneer   0x000000000800b468        0x0
 .vfp11_veneer  0x000000000800b468        0x0 linker stubs

.v4_bx          0x000000000800b468        0x0
 .v4_bx         0x000000000800b468        0x0 linker stubs

.iplt           0x000000000800b468        0x0
 .iplt          0x000000000800b468        0x0 C:/ST/STM32CubeIDE_1.14.0/STM32CubeIDE/plugins/com.st.stm32cube.ide.mcu.externaltools.gnu-tools-for-stm32.11.3.rel1.win32_1.1.100.202309141235/tools/bin/../lib/gcc/arm-none-eabi/11.3.1/thumb/v7e-m+fp/hard/crtbegin.o

.rodata         0x000000000800b468      0x530
                0x000000000800b468                . = ALIGN (0x4)
 *(.rodata)
 .rodata        0x000000000800b468       0x12 ./Core/Lib/DHCP/dhcp.o
 *fill*         0x000000000800b47a        0x2 
 .rodata        0x000000000800b47c       0x58 ./Core/Lib/MQTT/MQTTClient.o
 .rodata        0x000000000800b4d4        0xf ./Core/Lib/MQTT/MQTTPacket/src/MQTTConnectClient.o
 *fill*         0x000000000800b4e3        0x1 
 .rodata        0x000000000800b4e4      0x1df ./Core/Src/EthernetManager.o
 *fill*         0x000000000800b6c3        0x1 
 .rodata        0x000000000800b6c4       0xa8 ./Core/Src/config.o
 .rodata        0x000000000800b76c       0x26 ./Core/Src/main.o
 *fill*         0x000000000800b792        0x2 
 .rodata        0x000000000800b794      0x174 ./Core/Src/mqtt_init.o
 *(.rodata*)
 .rodata.AHBPrescTable
                0x000000000800b908       0x10 ./Core/Src/system_stm32f4xx.o
                0x000000000800b908                AHBPrescTable
 .rodata.APBPrescTable
                0x000000000800b918        0x8 ./Core/Src/system_stm32f4xx.o
                0x000000000800b918                APBPrescTable
 .rodata._ZNSt7__cxx1112basic_stringIcSt11char_traitsIcESaIcEE9_M_createERjj.str1.1
                0x000000000800b920       0x18 C:/ST/STM32CubeIDE_1.14.0/STM32CubeIDE/plugins/com.st.stm32cube.ide.mcu.externaltools.gnu-tools-for-stm32.11.3.rel1.win32_1.1.100.202309141235/tools/bin/../lib/gcc/arm-none-eabi/11.3.1/../../../../arm-none-eabi/lib/thumb/v7e-m+fp/hard\libstdc++_nano.a(string-inst.o)
 .rodata._ZNSt7__cxx1112basic_stringIcSt11char_traitsIcESaIcEE12_M_constructIPcEEvT_S7_St20forward_iterator_tag.str1.1
                0x000000000800b938       0x2a C:/ST/STM32CubeIDE_1.14.0/STM32CubeIDE/plugins/com.st.stm32cube.ide.mcu.externaltools.gnu-tools-for-stm32.11.3.rel1.win32_1.1.100.202309141235/tools/bin/../lib/gcc/arm-none-eabi/11.3.1/../../../../arm-none-eabi/lib/thumb/v7e-m+fp/hard\libstdc++_nano.a(string-inst.o)
 .rodata._svfprintf_r.str1.1
                0x000000000800b962       0x11 C:/ST/STM32CubeIDE_1.14.0/STM32CubeIDE/plugins/com.st.stm32cube.ide.mcu.externaltools.gnu-tools-for-stm32.11.3.rel1.win32_1.1.100.202309141235/tools/bin/../lib/gcc/arm-none-eabi/11.3.1/../../../../arm-none-eabi/lib/thumb/v7e-m+fp/hard\libc_nano.a(libc_a-nano-svfprintf.o)
 .rodata._printf_i.str1.1
                0x000000000800b973       0x22 C:/ST/STM32CubeIDE_1.14.0/STM32CubeIDE/plugins/com.st.stm32cube.ide.mcu.externaltools.gnu-tools-for-stm32.11.3.rel1.win32_1.1.100.202309141235/tools/bin/../lib/gcc/arm-none-eabi/11.3.1/../../../../arm-none-eabi/lib/thumb/v7e-m+fp/hard\libc_nano.a(libc_a-nano-vfprintf_i.o)
                0x000000000800b998                . = ALIGN (0x4)
 *fill*         0x000000000800b995        0x3 

.ARM.extab      0x000000000800b998        0x0
                0x000000000800b998                . = ALIGN (0x4)
 *(.ARM.extab* .gnu.linkonce.armextab.*)
                0x000000000800b998                . = ALIGN (0x4)

.ARM            0x000000000800b998        0x8
                0x000000000800b998                . = ALIGN (0x4)
                0x000000000800b998                __exidx_start = .
 *(.ARM.exidx*)