../Core/Lib/Ethernet/wizchip_conf.c:69:12:wizchip_cris_enter	4	static
../Core/Lib/Ethernet/wizchip_conf.c:77:12:wizchip_cris_exit	4	static
../Core/Lib/Ethernet/wizchip_conf.c:86:6:wizchip_cs_select	4	static
../Core/Lib/Ethernet/wizchip_conf.c:94:6:wizchip_cs_deselect	4	static
../Core/Lib/Ethernet/wizchip_conf.c:103:10:wizchip_bus_readdata	16	static
../Core/Lib/Ethernet/wizchip_conf.c:112:10:wizchip_bus_writedata	16	static
../Core/Lib/Ethernet/wizchip_conf.c:120:9:wizchip_spi_readbyte	4	static
../Core/Lib/Ethernet/wizchip_conf.c:128:10:wizchip_spi_writebyte	16	static
../Core/Lib/Ethernet/wizchip_conf.c:136:10:wizchip_spi_readburst	16	static
../Core/Lib/Ethernet/wizchip_conf.c:144:10:wizchip_spi_writeburst	16	static
../Core/Lib/Ethernet/wizchip_conf.c:196:6:reg_wizchip_cris_cbfunc	16	static
../Core/Lib/Ethernet/wizchip_conf.c:210:6:reg_wizchip_cs_cbfunc	16	static
../Core/Lib/Ethernet/wizchip_conf.c:226:6:reg_wizchip_bus_cbfunc	16	static
../Core/Lib/Ethernet/wizchip_conf.c:254:6:reg_wizchip_spi_cbfunc	16	static
../Core/Lib/Ethernet/wizchip_conf.c:271:6:reg_wizchip_spiburst_cbfunc	16	static
../Core/Lib/Ethernet/wizchip_conf.c:287:8:ctlwizchip	40	static
../Core/Lib/Ethernet/wizchip_conf.c:369:8:ctlnetwork	16	static
../Core/Lib/Ethernet/wizchip_conf.c:397:6:wizchip_sw_reset	32	static
../Core/Lib/Ethernet/wizchip_conf.c:422:8:wizchip_init	24	static
../Core/Lib/Ethernet/wizchip_conf.c:504:6:wizchip_clrinterrupt	24	static
../Core/Lib/Ethernet/wizchip_conf.c:531:11:wizchip_getinterrupt	16	static
../Core/Lib/Ethernet/wizchip_conf.c:562:6:wizchip_setinterruptmask	24	static
../Core/Lib/Ethernet/wizchip_conf.c:586:11:wizchip_getinterruptmask	16	static
../Core/Lib/Ethernet/wizchip_conf.c:615:8:wizphy_getphylink	16	static
../Core/Lib/Ethernet/wizchip_conf.c:636:8:wizphy_getphypmode	16	static
../Core/Lib/Ethernet/wizchip_conf.c:739:6:wizphy_reset	16	static
../Core/Lib/Ethernet/wizchip_conf.c:749:6:wizphy_setphyconf	24	static
../Core/Lib/Ethernet/wizchip_conf.c:779:6:wizphy_getphyconf	24	static
../Core/Lib/Ethernet/wizchip_conf.c:818:6:wizphy_getphystat	24	static
../Core/Lib/Ethernet/wizchip_conf.c:825:8:wizphy_setphypmode	24	static
../Core/Lib/Ethernet/wizchip_conf.c:851:6:wizchip_setnetinfo	16	static
../Core/Lib/Ethernet/wizchip_conf.c:864:6:wizchip_getnetinfo	16	static
../Core/Lib/Ethernet/wizchip_conf.c:877:8:wizchip_setnetmode	24	static
../Core/Lib/Ethernet/wizchip_conf.c:891:14:wizchip_getnetmode	8	static
../Core/Lib/Ethernet/wizchip_conf.c:896:6:wizchip_settimeout	16	static
../Core/Lib/Ethernet/wizchip_conf.c:902:6:wizchip_gettimeout	24	static
