C:\ST\STM32CubeIDE_1.14.0\STM32CubeIDE\plugins\com.st.stm32cube.ide.mcu.externaltools.gnu-tools-for-stm32.11.3.rel1.win32_1.1.100.202309141235\tools\arm-none-eabi\include\c++\11.3.1\arm-none-eabi\thumb\v7e-m+fp\hard\bits\gthr-default.h:229:1:int __gthread_key_delete(__gthread_key_t)	16	static
../Core/Src/main.cpp:53:5:int main()	8	static
../Core/Src/main.cpp:134:6:void SystemClock_Config()	88	static
../Core/Src/main.cpp:178:13:void MX_ADC1_Init()	24	static
../Core/Src/main.cpp:230:13:void MX_SPI2_Init()	8	static
../Core/Src/main.cpp:264:13:void MX_TIM1_Init()	32	static
../Core/Src/main.cpp:298:13:void MX_USART1_UART_Init()	8	static
../Core/Src/main.cpp:327:13:void MX_GPIO_Init()	56	static
../Core/Src/main.cpp:419:6:void HAL_TIM_PeriodElapsedCallback(TIM_HandleTypeDef*)	16	static
../Core/Src/main.cpp:429:6:void HAL_GPIO_EXTI_Callback(uint16_t)	16	static
../Core/Src/main.cpp:436:6:void HAL_UART_RxCpltCallback(UART_HandleTypeDef*)	16	static
../Core/Src/main.cpp:449:6:void Error_Handler()	4	static,ignoring_inline_asm
C:\ST\STM32CubeIDE_1.14.0\STM32CubeIDE\plugins\com.st.stm32cube.ide.mcu.externaltools.gnu-tools-for-stm32.11.3.rel1.win32_1.1.100.202309141235\tools\bin/../lib/gcc/arm-none-eabi/11.3.1/../../../../arm-none-eabi/include/c++/11.3.1/array:95:12:std::array<std::__cxx11::basic_string<char>, 8>::~array()	24	static
C:\ST\STM32CubeIDE_1.14.0\STM32CubeIDE\plugins\com.st.stm32cube.ide.mcu.externaltools.gnu-tools-for-stm32.11.3.rel1.win32_1.1.100.202309141235\tools\bin/../lib/gcc/arm-none-eabi/11.3.1/../../../../arm-none-eabi/include/c++/11.3.1/array:95:12:std::array<std::__cxx11::basic_string<char>, 16>::~array()	24	static
../Core/Inc/config.h:22:7:Config::~Config()	16	static
../Core/Src/main.cpp:458:1:void __static_initialization_and_destruction_0(int, int)	16	static
../Core/Src/main.cpp:458:1:cpp)	8	static
../Core/Src/main.cpp:458:1:cpp)	8	static
