C:\ST\STM32CubeIDE_1.14.1\STM32CubeIDE\plugins\com.st.stm32cube.ide.mcu.externaltools.gnu-tools-for-stm32.11.3.rel1.win32_1.1.100.202309141235\tools\arm-none-eabi\include\c++\11.3.1\arm-none-eabi\thumb\v7e-m+fp\hard\bits\gthr-default.h:229:1:int __gthread_key_delete(__gthread_key_t)	16	static
../Core/Src/main.cpp:111:5:int main()	8	static
../Core/Src/main.cpp:186:6:void SystemClock_Config()	88	static
../Core/Src/main.cpp:232:13:void MX_ADC1_Init()	56	static
../Core/Src/main.cpp:325:13:void MX_ADC2_Init()	24	static
../Core/Src/main.cpp:401:13:void MX_SPI2_Init()	8	static
../Core/Src/main.cpp:439:13:void MX_USART1_UART_Init()	8	static
../Core/Src/main.cpp:472:13:void MX_GPIO_Init()	56	static
../Core/Src/main.cpp:565:6:void HAL_GPIO_EXTI_Callback(uint16_t)	16	static
../Core/Src/main.cpp:572:17:void HAL_UART_RxCpltCallback(UART_HandleTypeDef*)	16	static
../Core/Src/main.cpp:587:6:void Error_Handler()	4	static,ignoring_inline_asm
C:\ST\STM32CubeIDE_1.14.1\STM32CubeIDE\plugins\com.st.stm32cube.ide.mcu.externaltools.gnu-tools-for-stm32.11.3.rel1.win32_1.1.100.202309141235\tools\bin/../lib/gcc/arm-none-eabi/11.3.1/../../../../arm-none-eabi/include/c++/11.3.1/array:95:12:std::array<std::__cxx11::basic_string<char>, 10>::~array()	24	static
../Core/Inc/config.h:20:7:Config::~Config()	16	static
../Core/Inc/CplusUtils.h:44:7:Utils::~Utils()	16	static
../Core/Src/main.cpp:596:1:void __static_initialization_and_destruction_0(int, int)	16	static
../Core/Src/main.cpp:596:1:cpp)	8	static
../Core/Src/main.cpp:596:1:cpp)	8	static
